Component: ARM Compiler 5.06 update 1 (build 61) Tool: armlink [4d35a8]

==============================================================================

Section Cross References

    startup_stm32f10x_md.o(RESET) refers to startup_stm32f10x_md.o(STACK) for __initial_sp
    startup_stm32f10x_md.o(RESET) refers to startup_stm32f10x_md.o(.text) for Reset_Handler
    startup_stm32f10x_md.o(RESET) refers to stm32f10x_it.o(i.NMI_Handler) for NMI_Handler
    startup_stm32f10x_md.o(RESET) refers to stm32f10x_it.o(i.HardFault_Handler) for HardFault_Handler
    startup_stm32f10x_md.o(RESET) refers to stm32f10x_it.o(i.MemManage_Handler) for MemManage_Handler
    startup_stm32f10x_md.o(RESET) refers to stm32f10x_it.o(i.BusFault_Handler) for BusFault_Handler
    startup_stm32f10x_md.o(RESET) refers to stm32f10x_it.o(i.UsageFault_Handler) for UsageFault_Handler
    startup_stm32f10x_md.o(RESET) refers to stm32f10x_it.o(i.SVC_Handler) for SVC_Handler
    startup_stm32f10x_md.o(RESET) refers to stm32f10x_it.o(i.DebugMon_Handler) for DebugMon_Handler
    startup_stm32f10x_md.o(RESET) refers to stm32f10x_it.o(i.PendSV_Handler) for PendSV_Handler
    startup_stm32f10x_md.o(RESET) refers to stm32f10x_it.o(i.SysTick_Handler) for SysTick_Handler
    startup_stm32f10x_md.o(RESET) refers to isr.o(i.EXTI3_IRQHandler) for EXTI3_IRQHandler
    startup_stm32f10x_md.o(RESET) refers to isr.o(i.EXTI4_IRQHandler) for EXTI4_IRQHandler
    startup_stm32f10x_md.o(RESET) refers to adc.o(i.DMA1_Channel1_IRQHandler) for DMA1_Channel1_IRQHandler
    startup_stm32f10x_md.o(RESET) refers to isr.o(i.EXTI9_5_IRQHandler) for EXTI9_5_IRQHandler
    startup_stm32f10x_md.o(RESET) refers to encoder.o(i.TIM2_IRQHandler) for TIM2_IRQHandler
    startup_stm32f10x_md.o(RESET) refers to isr.o(i.TIM4_IRQHandler) for TIM4_IRQHandler
    startup_stm32f10x_md.o(RESET) refers to usart.o(i.USART1_IRQHandler) for USART1_IRQHandler
    startup_stm32f10x_md.o(RESET) refers to isr.o(i.EXTI15_10_IRQHandler) for EXTI15_10_IRQHandler
    startup_stm32f10x_md.o(.text) refers to system_stm32f10x.o(i.SystemInit) for SystemInit
    startup_stm32f10x_md.o(.text) refers to entry.o(.ARM.Collect$$$$00000000) for __main
    init.o(i.All_Init) refers to system_stm32f10x.o(i.SystemInit) for SystemInit
    init.o(i.All_Init) refers to delay.o(i.delay_init) for delay_init
    init.o(i.All_Init) refers to delay.o(i.delay_ms) for delay_ms
    init.o(i.All_Init) refers to misc.o(i.NVIC_PriorityGroupConfig) for NVIC_PriorityGroupConfig
    init.o(i.All_Init) refers to led.o(i.Led_Init) for Led_Init
    init.o(i.All_Init) refers to tjsc_ui.o(i.TSUI_Init) for TSUI_Init
    init.o(i.All_Init) refers to oled.o(i.OLED_Clear) for OLED_Clear
    init.o(i.All_Init) refers to adc.o(i.Adc_Init) for Adc_Init
    init.o(i.All_Init) refers to mpu6050.o(i.MPU_Init) for MPU_Init
    init.o(i.All_Init) refers to inv_mpu.o(i.Mpu_Dmp_Init) for Mpu_Dmp_Init
    init.o(i.All_Init) refers to led.o(i.Beep_Init) for Beep_Init
    init.o(i.All_Init) refers to encoder.o(i.Encode_Exti_Init) for Encode_Exti_Init
    init.o(i.All_Init) refers to pwm.o(i.Motor_TIM1_Init) for Motor_TIM1_Init
    init.o(i.All_Init) refers to pwm.o(i.Steer_TIM3_PWM_Init) for Steer_TIM3_PWM_Init
    init.o(i.All_Init) refers to key.o(i.Key_DMA_EXTI_Init) for Key_DMA_EXTI_Init
    init.o(i.All_Init) refers to timer.o(i.TIM4_Int_Init) for TIM4_Int_Init
    init.o(i.Get_Speed) refers to encoder.o(i.Read_Encoder) for Read_Encoder
    init.o(i.Motor_PID_Cal_L) refers to init.o(.data) for last_error_L
    init.o(i.Motor_PID_Cal_L) refers to main.o(.data) for Sped_KP
    init.o(i.Motor_PID_Cal_R) refers to init.o(.data) for last_error
    init.o(i.Motor_PID_Cal_R) refers to main.o(.data) for Sped_KP
    isr.o(i.EXTI15_10_IRQHandler) refers to stm32f10x_exti.o(i.EXTI_GetITStatus) for EXTI_GetITStatus
    isr.o(i.EXTI15_10_IRQHandler) refers to tjsc_ui.o(i.TSUI_SetButtonEvent) for TSUI_SetButtonEvent
    isr.o(i.EXTI15_10_IRQHandler) refers to stm32f10x_exti.o(i.EXTI_ClearITPendingBit) for EXTI_ClearITPendingBit
    isr.o(i.EXTI15_10_IRQHandler) refers to stm32f10x_exti.o(i.EXTI_ClearFlag) for EXTI_ClearFlag
    isr.o(i.EXTI3_IRQHandler) refers to stm32f10x_exti.o(i.EXTI_GetITStatus) for EXTI_GetITStatus
    isr.o(i.EXTI3_IRQHandler) refers to tjsc_ui.o(i.TSUI_SetButtonEvent) for TSUI_SetButtonEvent
    isr.o(i.EXTI3_IRQHandler) refers to stm32f10x_exti.o(i.EXTI_ClearITPendingBit) for EXTI_ClearITPendingBit
    isr.o(i.EXTI3_IRQHandler) refers to stm32f10x_exti.o(i.EXTI_ClearFlag) for EXTI_ClearFlag
    isr.o(i.EXTI4_IRQHandler) refers to stm32f10x_exti.o(i.EXTI_GetITStatus) for EXTI_GetITStatus
    isr.o(i.EXTI4_IRQHandler) refers to tjsc_ui.o(i.TSUI_SetButtonEvent) for TSUI_SetButtonEvent
    isr.o(i.EXTI4_IRQHandler) refers to stm32f10x_exti.o(i.EXTI_ClearITPendingBit) for EXTI_ClearITPendingBit
[...]
    i.FLASH_ProgramHalfWord                  0x08001210   Section        0  stm32f10x_flash.o(i.FLASH_ProgramHalfWord)
    i.FLASH_Unlock                           0x08001250   Section        0  stm32f10x_flash.o(i.FLASH_Unlock)
    i.FLASH_WaitForLastOperation             0x08001268   Section        0  stm32f10x_flash.o(i.FLASH_WaitForLastOperation)
    i.GPIO_DeInit                            0x08001290   Section        0  stm32f10x_gpio.o(i.GPIO_DeInit)
    i.GPIO_EXTILineConfig                    0x08001358   Section        0  stm32f10x_gpio.o(i.GPIO_EXTILineConfig)
    i.GPIO_Init                              0x08001398   Section        0  stm32f10x_gpio.o(i.GPIO_Init)
    i.GPIO_PinRemapConfig                    0x080014b0   Section        0  stm32f10x_gpio.o(i.GPIO_PinRemapConfig)
    i.GPIO_ReadInputDataBit                  0x08001540   Section        0  stm32f10x_gpio.o(i.GPIO_ReadInputDataBit)
    i.GPIO_ResetBits                         0x08001552   Section        0  stm32f10x_gpio.o(i.GPIO_ResetBits)
    i.GPIO_SetBits                           0x08001556   Section        0  stm32f10x_gpio.o(i.GPIO_SetBits)
    i.HardFault_Handler                      0x0800155a   Section        0  stm32f10x_it.o(i.HardFault_Handler)
    i.Key_DMA_EXTI_Init                      0x08001560   Section        0  key.o(i.Key_DMA_EXTI_Init)
    i.Key_Scan                               0x08001740   Section        0  key.o(i.Key_Scan)
    i.LCD_P6x8Str                            0x08001780   Section        0  oled.o(i.LCD_P6x8Str)
    i.LCD_P6x8StrW                           0x080017e8   Section        0  oled.o(i.LCD_P6x8StrW)
    i.Led_Init                               0x08001854   Section        0  led.o(i.Led_Init)
    i.MPU_IIC_Ack                            0x08001880   Section        0  mpuiic.o(i.MPU_IIC_Ack)
    i.MPU_IIC_Delay                          0x080018cc   Section        0  mpuiic.o(i.MPU_IIC_Delay)
    i.MPU_IIC_Init                           0x080018d8   Section        0  mpuiic.o(i.MPU_IIC_Init)
    i.MPU_IIC_NAck                           0x08001904   Section        0  mpuiic.o(i.MPU_IIC_NAck)
    i.MPU_IIC_Read_Byte                      0x08001950   Section        0  mpuiic.o(i.MPU_IIC_Read_Byte)
    i.MPU_IIC_Send_Byte                      0x080019bc   Section        0  mpuiic.o(i.MPU_IIC_Send_Byte)
    i.MPU_IIC_Start                          0x08001a18   Section        0  mpuiic.o(i.MPU_IIC_Start)
    i.MPU_IIC_Stop                           0x08001a60   Section        0  mpuiic.o(i.MPU_IIC_Stop)
    i.MPU_IIC_Wait_Ack                       0x08001aa8   Section        0  mpuiic.o(i.MPU_IIC_Wait_Ack)
    i.MPU_Init                               0x08001b0c   Section        0  mpu6050.o(i.MPU_Init)
    i.MPU_Read_Byte                          0x08001b7e   Section        0  mpu6050.o(i.MPU_Read_Byte)
    i.MPU_Read_Len                           0x08001bb8   Section        0  mpu6050.o(i.MPU_Read_Len)
    i.MPU_Set_Accel_Fsr                      0x08001c2c   Section        0  mpu6050.o(i.MPU_Set_Accel_Fsr)
    i.MPU_Set_Gyro_Fsr                       0x08001c3c   Section        0  mpu6050.o(i.MPU_Set_Gyro_Fsr)
    i.MPU_Set_LPF                            0x08001c4c   Section        0  mpu6050.o(i.MPU_Set_LPF)
    i.MPU_Set_Rate                           0x08001c86   Section        0  mpu6050.o(i.MPU_Set_Rate)
    i.MPU_Write_Byte                         0x08001cc0   Section        0  mpu6050.o(i.MPU_Write_Byte)
    i.MPU_Write_Len                          0x08001d04   Section        0  mpu6050.o(i.MPU_Write_Len)
    i.MemManage_Handler                      0x08001d64   Section        0  stm32f10x_it.o(i.MemManage_Handler)
    i.Motor_TIM1_Init                        0x08001d68   Section        0  pwm.o(i.Motor_TIM1_Init)
    i.Mpu_Dmp_Init                           0x08001e3c   Section        0  inv_mpu.o(i.Mpu_Dmp_Init)
    i.NMI_Handler                            0x08001ed4   Section        0  stm32f10x_it.o(i.NMI_Handler)
    i.NVIC_Init                              0x08001ed8   Section        0  misc.o(i.NVIC_Init)
    i.NVIC_PriorityGroupConfig               0x08001f48   Section        0  misc.o(i.NVIC_PriorityGroupConfig)
    i.OLED_Clear                             0x08001f5c   Section        0  oled.o(i.OLED_Clear)
    i.OLED_ClearLine                         0x08001f9c   Section        0  oled.o(i.OLED_ClearLine)
    i.OLED_Init                              0x08001fd4   Section        0  oled.o(i.OLED_Init)
    i.OLED_Set_Pos                           0x08002128   Section        0  oled.o(i.OLED_Set_Pos)
    i.OLED_WR_Byte                           0x08002158   Section        0  oled.o(i.OLED_WR_Byte)
    i.PendSV_Handler                         0x080021c8   Section        0  stm32f10x_it.o(i.PendSV_Handler)
    i.RCC_ADCCLKConfig                       0x080021cc   Section        0  stm32f10x_rcc.o(i.RCC_ADCCLKConfig)
    i.RCC_AHBPeriphClockCmd                  0x080021e4   Section        0  stm32f10x_rcc.o(i.RCC_AHBPeriphClockCmd)
    i.RCC_APB1PeriphClockCmd                 0x08002204   Section        0  stm32f10x_rcc.o(i.RCC_APB1PeriphClockCmd)
    i.RCC_APB2PeriphClockCmd                 0x08002224   Section        0  stm32f10x_rcc.o(i.RCC_APB2PeriphClockCmd)
    i.RCC_APB2PeriphResetCmd                 0x08002244   Section        0  stm32f10x_rcc.o(i.RCC_APB2PeriphResetCmd)
    i.STMFLASH_Read                          0x08002264   Section        0  flash.o(i.STMFLASH_Read)
    i.STMFLASH_ReadHalfWord                  0x08002286   Section        0  flash.o(i.STMFLASH_ReadHalfWord)
    i.STMFLASH_Write                         0x0800228c   Section        0  flash.o(i.STMFLASH_Write)
    i.STMFLASH_Write_NoCheck                 0x08002374   Section        0  flash.o(i.STMFLASH_Write_NoCheck)
    i.SVC_Handler                            0x0800239c   Section        0  stm32f10x_it.o(i.SVC_Handler)
    i.SetSysClock                            0x0800239e   Section        0  system_stm32f10x.o(i.SetSysClock)
    SetSysClock                              0x0800239f   Thumb Code     8  system_stm32f10x.o(i.SetSysClock)
    i.SetSysClockTo72                        0x080023a8   Section        0  system_stm32f10x.o(i.SetSysClockTo72)
    SetSysClockTo72                          0x080023a9   Thumb Code   214  system_stm32f10x.o(i.SetSysClockTo72)
    i.Steer_TIM3_PWM_Init                    0x08002488   Section        0  pwm.o(i.Steer_TIM3_PWM_Init)
    i.SysTick_CLKSourceConfig                0x0800252c   Section        0  misc.o(i.SysTick_CLKSourceConfig)
    i.SysTick_Handler                        0x08002554   Section        0  stm32f10x_it.o(i.SysTick_Handler)
    i.SystemInit                             0x08002558   Section        0  system_stm32f10x.o(i.SystemInit)
    i.TIM2_IRQHandler                        0x080025b8   Section        0  encoder.o(i.TIM2_IRQHandler)
    i.TIM4_IRQHandler                        0x080025d0   Section        0  isr.o(i.TIM4_IRQHandler)
    i.TIM4_Int_Init                          0x080025fc   Section        0  timer.o(i.TIM4_Int_Init)
    i.TIM_ARRPreloadConfig                   0x08002664   Section        0  stm32f10x_tim.o(i.TIM_ARRPreloadConfig)
    i.TIM_ClearITPendingBit                  0x0800267c   Section        0  stm32f10x_tim.o(i.TIM_ClearITPendingBit)
    i.TIM_Cmd                                0x08002682   Section        0  stm32f10x_tim.o(i.TIM_Cmd)
    i.TIM_CtrlPWMOutputs                     0x0800269a   Section        0  stm32f10x_tim.o(i.TIM_CtrlPWMOutputs)
    i.TIM_DMACmd                             0x080026b8   Section        0  stm32f10x_tim.o(i.TIM_DMACmd)
    i.TIM_GetITStatus                        0x080026ca   Section        0  stm32f10x_tim.o(i.TIM_GetITStatus)
    i.TIM_ITConfig                           0x080026ec   Section        0  stm32f10x_tim.o(i.TIM_ITConfig)
    i.TIM_OC1Init                            0x08002700   Section        0  stm32f10x_tim.o(i.TIM_OC1Init)
    i.TIM_OC2Init                            0x08002798   Section        0  stm32f10x_tim.o(i.TIM_OC2Init)
    i.TIM_OC2PreloadConfig                   0x0800283c   Section        0  stm32f10x_tim.o(i.TIM_OC2PreloadConfig)
    i.TIM_TimeBaseInit                       0x08002858   Section        0  stm32f10x_tim.o(i.TIM_TimeBaseInit)
    i.TSUI_ButtonEvent                       0x080028fc   Section        0  tjsc_ui.o(i.TSUI_ButtonEvent)
    i.TSUI_Display                           0x08002b3c   Section        0  tjsc_display.o(i.TSUI_Display)
    i.TSUI_DisplayFullPage                   0x08002b68   Section        0  tjsc_display.o(i.TSUI_DisplayFullPage)
    TSUI_DisplayFullPage                     0x08002b69   Thumb Code    30  tjsc_display.o(i.TSUI_DisplayFullPage)
    i.TSUI_DisplayPara                       0x08002b88   Section        0  tjsc_display.o(i.TSUI_DisplayPara)
    TSUI_DisplayPara                         0x08002b89   Thumb Code   244  tjsc_display.o(i.TSUI_DisplayPara)
    i.TSUI_DisplayUpperPage                  0x08002c94   Section        0  tjsc_display.o(i.TSUI_DisplayUpperPage)
    TSUI_DisplayUpperPage                    0x08002c95   Thumb Code   412  tjsc_display.o(i.TSUI_DisplayUpperPage)
    i.TSUI_FlashRead                         0x08002f00   Section        0  tjsc_ui.o(i.TSUI_FlashRead)
    i.TSUI_FlashSave                         0x08002f64   Section        0  tjsc_ui.o(i.TSUI_FlashSave)
    i.TSUI_HardwareInit                      0x08002f9c   Section        0  tjsc_ui.o(i.TSUI_HardwareInit)
    i.TSUI_Init                              0x08002fa4   Section        0  tjsc_ui.o(i.TSUI_Init)
    i.TSUI_Printf                            0x08002fbc   Section        0  tjsc_display.o(i.TSUI_Printf)
    i.TSUI_PrintfW                           0x08002fe8   Section        0  tjsc_display.o(i.TSUI_PrintfW)
    i.TSUI_SetButtonEvent                    0x08003014   Section        0  tjsc_ui.o(i.TSUI_SetButtonEvent)
    i.TSUI_Setpara                           0x08003020   Section        0  setpara.o(i.TSUI_Setpara)
    i.USART1_IRQHandler                      0x08003034   Section        0  usart.o(i.USART1_IRQHandler)
    i.USART_GetITStatus                      0x0800305c   Section        0  stm32f10x_usart.o(i.USART_GetITStatus)
    i.USART_ReceiveData                      0x080030b0   Section        0  stm32f10x_usart.o(i.USART_ReceiveData)
    i.USART_SendData                         0x080030ba   Section        0  stm32f10x_usart.o(i.USART_SendData)
    i.UsageFault_Handler                     0x080030c2   Section        0  stm32f10x_it.o(i.UsageFault_Handler)
    i.__0printf                              0x080030c8   Section        0  printfa.o(i.__0printf)
    i.__0vsnprintf                           0x080030e8   Section        0  printfa.o(i.__0vsnprintf)
    i.__scatterload_copy                     0x0800310c   Section       14  handlers.o(i.__scatterload_copy)
    i.__scatterload_null                     0x0800311a   Section        2  handlers.o(i.__scatterload_null)
    i.__scatterload_zeroinit                 0x0800311c   Section       14  handlers.o(i.__scatterload_zeroinit)
    i._fp_digits                             0x0800312c   Section        0  printfa.o(i._fp_digits)
    _fp_digits                               0x0800312d   Thumb Code   334  printfa.o(i._fp_digits)
    i._printf_core                           0x08003290   Section        0  printfa.o(i._printf_core)
    _printf_core                             0x08003291   Thumb Code  1744  printfa.o(i._printf_core)
    i._printf_post_padding                   0x0800396c   Section        0  printfa.o(i._printf_post_padding)
    _printf_post_padding                     0x0800396d   Thumb Code    36  printfa.o(i._printf_post_padding)
    i._printf_pre_padding                    0x08003990   Section        0  printfa.o(i._printf_pre_padding)
    _printf_pre_padding                      0x08003991   Thumb Code    46  printfa.o(i._printf_pre_padding)
    i._snputc                                0x080039be   Section        0  printfa.o(i._snputc)
    _snputc                                  0x080039bf   Thumb Code    22  printfa.o(i._snputc)
    i.accel_self_test                        0x080039d4   Section        0  inv_mpu.o(i.accel_self_test)
    accel_self_test                          0x080039d5   Thumb Code   164  inv_mpu.o(i.accel_self_test)
    i.delay_init                             0x08003a7c   Section        0  delay.o(i.delay_init)
    i.delay_ms                               0x08003ac0   Section        0  delay.o(i.delay_ms)
    i.delay_us                               0x08003b0c   Section        0  delay.o(i.delay_us)
    i.dmp_enable_6x_lp_quat                  0x08003b58   Section        0  inv_mpu_dmp_motion_driver.o(i.dmp_enable_6x_lp_quat)
    i.dmp_enable_feature                     0x08003b94   Section        0  inv_mpu_dmp_motion_driver.o(i.dmp_enable_feature)
    i.dmp_enable_gyro_cal                    0x08003db0   Section        0  inv_mpu_dmp_motion_driver.o(i.dmp_enable_gyro_cal)
    i.dmp_enable_lp_quat                     0x08003e08   Section        0  inv_mpu_dmp_motion_driver.o(i.dmp_enable_lp_quat)
    i.dmp_load_motion_driver_firmware        0x08003e44   Section        0  inv_mpu_dmp_motion_driver.o(i.dmp_load_motion_driver_firmware)
    i.dmp_set_accel_bias                     0x08003e5c   Section        0  inv_mpu_dmp_motion_driver.o(i.dmp_set_accel_bias)
    i.dmp_set_fifo_rate                      0x08003f8c   Section        0  inv_mpu_dmp_motion_driver.o(i.dmp_set_fifo_rate)
    i.dmp_set_gyro_bias                      0x08003ffc   Section        0  inv_mpu_dmp_motion_driver.o(i.dmp_set_gyro_bias)
    i.dmp_set_orientation                    0x0800412c   Section        0  inv_mpu_dmp_motion_driver.o(i.dmp_set_orientation)
    i.dmp_set_shake_reject_thresh            0x08004264   Section        0  inv_mpu_dmp_motion_driver.o(i.dmp_set_shake_reject_thresh)
    i.dmp_set_shake_reject_time              0x0800429c   Section        0  inv_mpu_dmp_motion_driver.o(i.dmp_set_shake_reject_time)
    i.dmp_set_shake_reject_timeout           0x080042c2   Section        0  inv_mpu_dmp_motion_driver.o(i.dmp_set_shake_reject_timeout)
    i.dmp_set_tap_axes                       0x080042e8   Section        0  inv_mpu_dmp_motion_driver.o(i.dmp_set_tap_axes)
    i.dmp_set_tap_count                      0x0800432e   Section        0  inv_mpu_dmp_motion_driver.o(i.dmp_set_tap_count)
    i.dmp_set_tap_thresh                     0x08004354   Section        0  inv_mpu_dmp_motion_driver.o(i.dmp_set_tap_thresh)
    i.dmp_set_tap_time                       0x080044f4   Section        0  inv_mpu_dmp_motion_driver.o(i.dmp_set_tap_time)
    i.dmp_set_tap_time_multi                 0x0800451a   Section        0  inv_mpu_dmp_motion_driver.o(i.dmp_set_tap_time_multi)
    i.fputc                                  0x08004540   Section        0  usart.o(i.fputc)
    i.get_accel_prod_shift                   0x0800455c   Section        0  inv_mpu.o(i.get_accel_prod_shift)
    get_accel_prod_shift                     0x0800455d   Thumb Code   168  inv_mpu.o(i.get_accel_prod_shift)
    i.get_st_biases                          0x08004610   Section        0  inv_mpu.o(i.get_st_biases)
    get_st_biases                            0x08004611   Thumb Code  1132  inv_mpu.o(i.get_st_biases)
    i.gyro_self_test                         0x08004a80   Section        0  inv_mpu.o(i.gyro_self_test)
    gyro_self_test                           0x08004a81   Thumb Code   256  inv_mpu.o(i.gyro_self_test)
    i.inv_orientation_matrix_to_scalar       0x08004b90   Section        0  inv_mpu.o(i.inv_orientation_matrix_to_scalar)
    i.inv_row_2_scale                        0x08004bb8   Section        0  inv_mpu.o(i.inv_row_2_scale)
    i.main                                   0x08004c06   Section        0  main.o(i.main)
    i.mpu_configure_fifo                     0x08004c18   Section        0  inv_mpu.o(i.mpu_configure_fifo)
    i.mpu_get_accel_fsr                      0x08004c88   Section        0  inv_mpu.o(i.mpu_get_accel_fsr)
    i.mpu_get_accel_sens                     0x08004cd4   Section        0  inv_mpu.o(i.mpu_get_accel_sens)
    i.mpu_get_fifo_config                    0x08004d28   Section        0  inv_mpu.o(i.mpu_get_fifo_config)
    i.mpu_get_gyro_fsr                       0x08004d38   Section        0  inv_mpu.o(i.mpu_get_gyro_fsr)
    i.mpu_get_gyro_sens                      0x08004d7c   Section        0  inv_mpu.o(i.mpu_get_gyro_sens)
    i.mpu_get_lpf                            0x08004dcc   Section        0  inv_mpu.o(i.mpu_get_lpf)
    i.mpu_get_sample_rate                    0x08004e1c   Section        0  inv_mpu.o(i.mpu_get_sample_rate)
    i.mpu_init                               0x08004e3c   Section        0  inv_mpu.o(i.mpu_init)
    i.mpu_load_firmware                      0x0800502c   Section        0  inv_mpu.o(i.mpu_load_firmware)
    i.mpu_lp_accel_mode                      0x080050e4   Section        0  inv_mpu.o(i.mpu_lp_accel_mode)
    i.mpu_read_mem                           0x080051c4   Section        0  inv_mpu.o(i.mpu_read_mem)
    i.mpu_reset_fifo                         0x08005244   Section        0  inv_mpu.o(i.mpu_reset_fifo)
    i.mpu_run_self_test                      0x0800540c   Section        0  inv_mpu.o(i.mpu_run_self_test)
    i.mpu_set_accel_fsr                      0x08005528   Section        0  inv_mpu.o(i.mpu_set_accel_fsr)
    i.mpu_set_bypass                         0x080055ac   Section        0  inv_mpu.o(i.mpu_set_bypass)
    i.mpu_set_dmp_state                      0x080056f8   Section        0  inv_mpu.o(i.mpu_set_dmp_state)
    i.mpu_set_gyro_fsr                       0x08005788   Section        0  inv_mpu.o(i.mpu_set_gyro_fsr)
    i.mpu_set_int_latched                    0x08005810   Section        0  inv_mpu.o(i.mpu_set_int_latched)
    i.mpu_set_lpf                            0x0800587c   Section        0  inv_mpu.o(i.mpu_set_lpf)
    i.mpu_set_sample_rate                    0x08005900   Section        0  inv_mpu.o(i.mpu_set_sample_rate)
    i.mpu_set_sensors                        0x0800599c   Section        0  inv_mpu.o(i.mpu_set_sensors)
    i.mpu_write_mem                          0x08005a6c   Section        0  inv_mpu.o(i.mpu_write_mem)
    i.run_self_test                          0x08005aec   Section        0  inv_mpu.o(i.run_self_test)
    i.set_int_enable                         0x08005b80   Section        0  inv_mpu.o(i.set_int_enable)
    set_int_enable                           0x08005b81   Thumb Code   138  inv_mpu.o(i.set_int_enable)
    i.tsui_GetParaMax                        0x08005c10   Section        0  tjsc_ui.o(i.tsui_GetParaMax)
    tsui_GetParaMax                          0x08005c11   Thumb Code    30  tjsc_ui.o(i.tsui_GetParaMax)
    .constdata                               0x08005c34   Section       80  inv_mpu.o(.constdata)
    .constdata                               0x08005c84   Section     3062  inv_mpu_dmp_motion_driver.o(.constdata)
    dmp_memory                               0x08005c84   Data        3062  inv_mpu_dmp_motion_driver.o(.constdata)
    .constdata                               0x0800687a   Section     2072  oled.o(.constdata)
    .conststring                             0x08007094   Section       77  inv_mpu.o(.conststring)
    .data                                    0x20000000   Section        4  isr.o(.data)
    .data                                    0x20000004   Section       20  system_stm32f10x.o(.data)
    .data                                    0x20000018   Section        4  delay.o(.data)
    fac_us                                   0x20000018   Data           1  delay.o(.data)
    fac_ms                                   0x2000001a   Data           2  delay.o(.data)
    .data                                    0x2000001c   Section        5  usart.o(.data)
    .data                                    0x20000022   Section        4  key.o(.data)
    .data                                    0x20000028   Section       53  inv_mpu.o(.data)
    st                                       0x20000028   Data          44  inv_mpu.o(.data)
    gyro_orientation                         0x20000054   Data           9  inv_mpu.o(.data)
    .data                                    0x20000060   Section        4  encoder.o(.data)
    .data                                    0x20000064   Section        4  tjsc_display.o(.data)
    lastpage                                 0x20000064   Data           4  tjsc_display.o(.data)
    .data                                    0x20000068   Section     2192  setpara.o(.data)
    .data                                    0x200008f8   Section        8  tjsc_ui.o(.data)
    .bss                                     0x20000900   Section       16  inv_mpu_dmp_motion_driver.o(.bss)
    dmp                                      0x20000900   Data          16  inv_mpu_dmp_motion_driver.o(.bss)
    .bss                                     0x20000910   Section     2048  flash.o(.bss)
    .bss                                     0x20001110   Section      200  data_input.o(.bss)
    .bss                                     0x200011d8   Section       28  data_output.o(.bss)
    .bss                                     0x200011f4   Section      242  setpara.o(.bss)
    STACK                                    0x200012e8   Section     1024  startup_stm32f10x_md.o(STACK)

    Global Symbols

    Symbol Name                              Value     Ov Type        Size  Object(Section)

    BuildAttributes$$THM_ISAv4$P$D$K$B$S$PE$A:L22UL41UL21$X:L11$S22US41US21$IEEE1$IW$USESV6$~STKCKD$USESV7$~SHL$OTIME$ROPI$IEEEX$EBA8$MICROLIB$REQ8$PRES8$EABIv2 0x00000000   Number         0  anon$$obj.o ABSOLUTE
    __ARM_use_no_argv                        0x00000000   Number         0  main.o ABSOLUTE
    __use_no_errno                           0x00000000   Number         0  useno.o ABSOLUTE
    __use_no_exception_handling              0x00000000   Number         0  useno.o ABSOLUTE
    __use_no_fp                              0x00000000   Number         0  useno.o ABSOLUTE
    __use_no_heap                            0x00000000   Number         0  useno.o ABSOLUTE
    __use_no_heap_region                     0x00000000   Number         0  useno.o ABSOLUTE
    __use_no_semihosting                     0x00000000   Number         0  useno.o ABSOLUTE
    __use_no_semihosting_swi                 0x00000000   Number         0  useno.o ABSOLUTE
    __use_no_signal_handling                 0x00000000   Number         0  useno.o ABSOLUTE
    _printf_a                                0x00000000   Number         0  stubs.o ABSOLUTE
    _printf_c                                0x00000000   Number         0  stubs.o ABSOLUTE
    _printf_charcount                        0x00000000   Number         0  stubs.o ABSOLUTE
    _printf_d                                0x00000000   Number         0  stubs.o ABSOLUTE
    _printf_e                                0x00000000   Number         0  stubs.o ABSOLUTE
    _printf_f                                0x00000000   Number         0  stubs.o ABSOLUTE
    _printf_flags                            0x00000000   Number         0  stubs.o ABSOLUTE
    _printf_fp_dec                           0x00000000   Number         0  stubs.o ABSOLUTE
    _printf_fp_hex                           0x00000000   Number         0  stubs.o ABSOLUTE
    _printf_g                                0x00000000   Number         0  stubs.o ABSOLUTE
    _printf_i                                0x00000000   Number         0  stubs.o ABSOLUTE
    _printf_int_dec                          0x00000000   Number         0  stubs.o ABSOLUTE
    _printf_l                                0x00000000   Number         0  stubs.o ABSOLUTE
    _printf_lc                               0x00000000   Number         0  stubs.o ABSOLUTE
    _printf_ll                               0x00000000   Number         0  stubs.o ABSOLUTE
    _printf_lld                              0x00000000   Number         0  stubs.o ABSOLUTE
    _printf_lli                              0x00000000   Number         0  stubs.o ABSOLUTE
    _printf_llo                              0x00000000   Number         0  stubs.o ABSOLUTE
    _printf_llu                              0x00000000   Number         0  stubs.o ABSOLUTE
    _printf_llx                              0x00000000   Number         0  stubs.o ABSOLUTE
    _printf_longlong_dec                     0x00000000   Number         0  stubs.o ABSOLUTE
    _printf_longlong_hex                     0x00000000   Number         0  stubs.o ABSOLUTE
    _printf_longlong_oct                     0x00000000   Number         0  stubs.o ABSOLUTE
    _printf_ls                               0x00000000   Number         0  stubs.o ABSOLUTE
    _printf_mbtowc                           0x00000000   Number         0  stubs.o ABSOLUTE
    _printf_n                                0x00000000   Number         0  stubs.o ABSOLUTE
    _printf_o                                0x00000000   Number         0  stubs.o ABSOLUTE
    _printf_p                                0x00000000   Number         0  stubs.o ABSOLUTE
    _printf_percent                          0x00000000   Number         0  stubs.o ABSOLUTE
    _printf_pre_padding                      0x00000000   Number         0  stubs.o ABSOLUTE
    _printf_return_value                     0x00000000   Number         0  stubs.o ABSOLUTE
    _printf_s                                0x00000000   Number         0  stubs.o ABSOLUTE
    _printf_sizespec                         0x00000000   Number         0  stubs.o ABSOLUTE
    _printf_str                              0x00000000   Number         0  stubs.o ABSOLUTE
    _printf_truncate_signed                  0x00000000   Number         0  stubs.o ABSOLUTE
    _printf_truncate_unsigned                0x00000000   Number         0  stubs.o ABSOLUTE
    _printf_u                                0x00000000   Number         0  stubs.o ABSOLUTE
    _printf_wc                               0x00000000   Number         0  stubs.o ABSOLUTE
    _printf_wctomb                           0x00000000   Number         0  stubs.o ABSOLUTE
    _printf_widthprec                        0x00000000   Number         0  stubs.o ABSOLUTE
    _printf_x                                0x00000000   Number         0  stubs.o ABSOLUTE
    __cpp_initialize__aeabi_                  - Undefined Weak Reference
    __cxa_finalize                            - Undefined Weak Reference
    _clock_init                               - Undefined Weak Reference
    _microlib_exit                            - Undefined Weak Reference
    __Vectors_Size                           0x000000ec   Number         0  startup_stm32f10x_md.o ABSOLUTE
    __Vectors                                0x08000000   Data           4  startup_stm32f10x_md.o(RESET)
    __Vectors_End                            0x080000ec   Data           0  startup_stm32f10x_md.o(RESET)
    __main                                   0x080000ed   Thumb Code     0  entry.o(.ARM.Collect$$$$00000000)
    _main_stk                                0x080000ed   Thumb Code     0  entry2.o(.ARM.Collect$$$$00000001)
    _main_scatterload                        0x080000f1   Thumb Code     0  entry5.o(.ARM.Collect$$$$00000004)
    __main_after_scatterload                 0x080000f5   Thumb Code     0  entry5.o(.ARM.Collect$$$$00000004)
    _main_clock                              0x080000f5   Thumb Code     0  entry7b.o(.ARM.Collect$$$$00000008)
    _main_cpp_init                           0x080000f5   Thumb Code     0  entry8b.o(.ARM.Collect$$$$0000000A)
    _main_init                               0x080000f5   Thumb Code     0  entry9a.o(.ARM.Collect$$$$0000000B)
    __rt_final_cpp                           0x080000fd   Thumb Code     0  entry10a.o(.ARM.Collect$$$$0000000D)
    __rt_final_exit                          0x080000fd   Thumb Code     0  entry11a.o(.ARM.Collect$$$$0000000F)
    Reset_Handler                            0x08000101   Thumb Code     8  startup_stm32f10x_md.o(.text)
    ADC1_2_IRQHandler                        0x0800011b   Thumb Code     0  startup_stm32f10x_md.o(.text)
    CAN1_RX1_IRQHandler                      0x0800011b   Thumb Code     0  startup_stm32f10x_md.o(.text)
    CAN1_SCE_IRQHandler                      0x0800011b   Thumb Code     0  startup_stm32f10x_md.o(.text)
    DMA1_Channel2_IRQHandler                 0x0800011b   Thumb Code     0  startup_stm32f10x_md.o(.text)
    DMA1_Channel3_IRQHandler                 0x0800011b   Thumb Code     0  startup_stm32f10x_md.o(.text)
    DMA1_Channel4_IRQHandler                 0x0800011b   Thumb Code     0  startup_stm32f10x_md.o(.text)
    DMA1_Channel5_IRQHandler                 0x0800011b   Thumb Code     0  startup_stm32f10x_md.o(.text)
    DMA1_Channel6_IRQHandler                 0x0800011b   Thumb Code     0  startup_stm32f10x_md.o(.text)
    DMA1_Channel7_IRQHandler                 0x0800011b   Thumb Code     0  startup_stm32f10x_md.o(.text)
    EXTI0_IRQHandler                         0x0800011b   Thumb Code     0  startup_stm32f10x_md.o(.text)
    EXTI1_IRQHandler                         0x0800011b   Thumb Code     0  startup_stm32f10x_md.o(.text)
    EXTI2_IRQHandler                         0x0800011b   Thumb Code     0  startup_stm32f10x_md.o(.text)
    FLASH_IRQHandler                         0x0800011b   Thumb Code     0  startup_stm32f10x_md.o(.text)
    I2C1_ER_IRQHandler                       0x0800011b   Thumb Code     0  startup_stm32f10x_md.o(.text)
    I2C1_EV_IRQHandler                       0x0800011b   Thumb Code     0  startup_stm32f10x_md.o(.text)
    I2C2_ER_IRQHandler                       0x0800011b   Thumb Code     0  startup_stm32f10x_md.o(.text)
    I2C2_EV_IRQHandler                       0x0800011b   Thumb Code     0  startup_stm32f10x_md.o(.text)
    PVD_IRQHandler                           0x0800011b   Thumb Code     0  startup_stm32f10x_md.o(.text)
    RCC_IRQHandler                           0x0800011b   Thumb Code     0  startup_stm32f10x_md.o(.text)
    RTCAlarm_IRQHandler                      0x0800011b   Thumb Code     0  startup_stm32f10x_md.o(.text)
    RTC_IRQHandler                           0x0800011b   Thumb Code     0  startup_stm32f10x_md.o(.text)
    SPI1_IRQHandler                          0x0800011b   Thumb Code     0  startup_stm32f10x_md.o(.text)
    SPI2_IRQHandler                          0x0800011b   Thumb Code     0  startup_stm32f10x_md.o(.text)
    TAMPER_IRQHandler                        0x0800011b   Thumb Code     0  startup_stm32f10x_md.o(.text)
    TIM1_BRK_IRQHandler                      0x0800011b   Thumb Code     0  startup_stm32f10x_md.o(.text)
    TIM1_CC_IRQHandler                       0x0800011b   Thumb Code     0  startup_stm32f10x_md.o(.text)
    TIM1_TRG_COM_IRQHandler                  0x0800011b   Thumb Code     0  startup_stm32f10x_md.o(.text)
    TIM1_UP_IRQHandler                       0x0800011b   Thumb Code     0  startup_stm32f10x_md.o(.text)
    TIM3_IRQHandler                          0x0800011b   Thumb Code     0  startup_stm32f10x_md.o(.text)
    USART2_IRQHandler                        0x0800011b   Thumb Code     0  startup_stm32f10x_md.o(.text)
    USART3_IRQHandler                        0x0800011b   Thumb Code     0  startup_stm32f10x_md.o(.text)
    USBWakeUp_IRQHandler                     0x0800011b   Thumb Code     0  startup_stm32f10x_md.o(.text)
    USB_HP_CAN1_TX_IRQHandler                0x0800011b   Thumb Code     0  startup_stm32f10x_md.o(.text)
    USB_LP_CAN1_RX0_IRQHandler               0x0800011b   Thumb Code     0  startup_stm32f10x_md.o(.text)
    WWDG_IRQHandler                          0x0800011b   Thumb Code     0  startup_stm32f10x_md.o(.text)
    __aeabi_ldivmod                          0x08000125   Thumb Code    98  ldiv.o(.text)
    __aeabi_memcpy                           0x08000187   Thumb Code    36  memcpya.o(.text)
    __aeabi_memcpy4                          0x08000187   Thumb Code     0  memcpya.o(.text)
    __aeabi_memcpy8                          0x08000187   Thumb Code     0  memcpya.o(.text)
    __aeabi_memset                           0x080001ab   Thumb Code    14  memseta.o(.text)
    __aeabi_memset4                          0x080001ab   Thumb Code     0  memseta.o(.text)
    __aeabi_memset8                          0x080001ab   Thumb Code     0  memseta.o(.text)
    __aeabi_memclr                           0x080001b9   Thumb Code     4  memseta.o(.text)
    __aeabi_memclr4                          0x080001b9   Thumb Code     0  memseta.o(.text)
    __aeabi_memclr8                          0x080001b9   Thumb Code     0  memseta.o(.text)
    _memset$wrapper                          0x080001bd   Thumb Code    18  memseta.o(.text)
    memcmp                                   0x080001cf   Thumb Code    26  memcmp.o(.text)
    __aeabi_fadd                             0x080001e9   Thumb Code   164  fadd.o(.text)
    __aeabi_fsub                             0x0800028d   Thumb Code     6  fadd.o(.text)
    __aeabi_frsub                            0x08000293   Thumb Code     6  fadd.o(.text)
    __aeabi_fmul                             0x08000299   Thumb Code   100  fmul.o(.text)
    __aeabi_fdiv                             0x080002fd   Thumb Code   124  fdiv.o(.text)
    __aeabi_dadd                             0x08000379   Thumb Code   322  dadd.o(.text)
    __aeabi_dsub                             0x080004bb   Thumb Code     6  dadd.o(.text)
    __aeabi_drsub                            0x080004c1   Thumb Code     6  dadd.o(.text)
    __aeabi_dmul                             0x080004c7   Thumb Code   228  dmul.o(.text)
    __aeabi_ddiv                             0x080005ab   Thumb Code   222  ddiv.o(.text)
    __aeabi_i2f                              0x08000689   Thumb Code    18  fflti.o(.text)
    __aeabi_ui2f                             0x0800069b   Thumb Code    10  ffltui.o(.text)
    __aeabi_f2iz                             0x080006a5   Thumb Code    50  ffixi.o(.text)
    __aeabi_f2uiz                            0x080006d7   Thumb Code    40  ffixui.o(.text)
    __aeabi_cfcmpeq                          0x08000701   Thumb Code     0  cfcmple.o(.text)
    __aeabi_cfcmple                          0x08000701   Thumb Code    20  cfcmple.o(.text)
    __aeabi_cfrcmple                         0x08000715   Thumb Code    20  cfrcmple.o(.text)
    __aeabi_uidiv                            0x08000729   Thumb Code     0  uidiv.o(.text)
    __aeabi_uidivmod                         0x08000729   Thumb Code    44  uidiv.o(.text)
    __aeabi_uldivmod                         0x08000755   Thumb Code    98  uldiv.o(.text)
    __aeabi_llsl                             0x080007b7   Thumb Code    30  llshl.o(.text)
    _ll_shift_l                              0x080007b7   Thumb Code     0  llshl.o(.text)
    __aeabi_lasr                             0x080007d5   Thumb Code    36  llsshr.o(.text)
    _ll_sshift_r                             0x080007d5   Thumb Code     0  llsshr.o(.text)
    __I$use$fp                               0x080007f9   Thumb Code     0  iusefp.o(.text)
    _float_round                             0x080007f9   Thumb Code    18  fepilogue.o(.text)
    _float_epilogue                          0x0800080b   Thumb Code    92  fepilogue.o(.text)
    _double_round                            0x08000867   Thumb Code    30  depilogue.o(.text)
    _double_epilogue                         0x08000885   Thumb Code   156  depilogue.o(.text)
    __aeabi_d2ulz                            0x08000921   Thumb Code    48  dfixul.o(.text)
    __aeabi_cdrcmple                         0x08000951   Thumb Code    48  cdrcmple.o(.text)
    __scatterload                            0x08000981   Thumb Code    28  init.o(.text)
    __scatterload_rt2                        0x08000981   Thumb Code     0  init.o(.text)
    __aeabi_llsr                             0x080009a5   Thumb Code    32  llushr.o(.text)
    _ll_ushift_r                             0x080009a5   Thumb Code     0  llushr.o(.text)
    __decompress                             0x080009c5   Thumb Code     0  __dczerorl2.o(.text)
    __decompress1                            0x080009c5   Thumb Code    86  __dczerorl2.o(.text)
    ADC_Cmd                                  0x08000a1b   Thumb Code    22  stm32f10x_adc.o(i.ADC_Cmd)
    ADC_ExternalTrigConvCmd                  0x08000a31   Thumb Code    22  stm32f10x_adc.o(i.ADC_ExternalTrigConvCmd)
    ADC_GPIO_Init                            0x08000a49   Thumb Code   220  adc.o(i.ADC_GPIO_Init)
    ADC_GetCalibrationStatus                 0x08000b29   Thumb Code    20  stm32f10x_adc.o(i.ADC_GetCalibrationStatus)
    ADC_GetResetCalibrationStatus            0x08000b3d   Thumb Code    20  stm32f10x_adc.o(i.ADC_GetResetCalibrationStatus)
    ADC_Init                                 0x08000b51   Thumb Code    70  stm32f10x_adc.o(i.ADC_Init)
    ADC_RegularChannelConfig                 0x08000ba1   Thumb Code   184  stm32f10x_adc.o(i.ADC_RegularChannelConfig)
    ADC_ResetCalibration                     0x08000c59   Thumb Code    10  stm32f10x_adc.o(i.ADC_ResetCalibration)
    ADC_StartCalibration                     0x08000c63   Thumb Code    10  stm32f10x_adc.o(i.ADC_StartCalibration)
    Adc_Init                                 0x08000c6d   Thumb Code   266  adc.o(i.Adc_Init)
    All_Init                                 0x08000d81   Thumb Code   108  init.o(i.All_Init)
    Beep_Init                                0x08000ded   Thumb Code    40  led.o(i.Beep_Init)
    BusFault_Handler                         0x08000e19   Thumb Code     4  stm32f10x_it.o(i.BusFault_Handler)
    DMA1_Channel1_IRQHandler                 0x08000e1d   Thumb Code     2  adc.o(i.DMA1_Channel1_IRQHandler)
    DMA_Cmd                                  0x08000e1f   Thumb Code    24  stm32f10x_dma.o(i.DMA_Cmd)
    DMA_Init                                 0x08000e37   Thumb Code    60  stm32f10x_dma.o(i.DMA_Init)
    DebugMon_Handler                         0x08000e73   Thumb Code     2  stm32f10x_it.o(i.DebugMon_Handler)
    EXTI15_10_IRQHandler                     0x08000e75   Thumb Code    68  isr.o(i.EXTI15_10_IRQHandler)
    EXTI3_IRQHandler                         0x08000eb9   Thumb Code    30  isr.o(i.EXTI3_IRQHandler)
    EXTI4_IRQHandler                         0x08000ed7   Thumb Code    30  isr.o(i.EXTI4_IRQHandler)
    EXTI9_5_IRQHandler                       0x08000ef5   Thumb Code   224  isr.o(i.EXTI9_5_IRQHandler)
    EXTI_ClearFlag                           0x08000fdd   Thumb Code     6  stm32f10x_exti.o(i.EXTI_ClearFlag)
    EXTI_ClearITPendingBit                   0x08000fe9   Thumb Code     6  stm32f10x_exti.o(i.EXTI_ClearITPendingBit)
    EXTI_GetITStatus                         0x08000ff5   Thumb Code    34  stm32f10x_exti.o(i.EXTI_GetITStatus)
    EXTI_Init                                0x0800101d   Thumb Code   142  stm32f10x_exti.o(i.EXTI_Init)
    Encode_Exti_Init                         0x080010b1   Thumb Code   194  encoder.o(i.Encode_Exti_Init)
    FLASH_ErasePage                          0x0800117d   Thumb Code    72  stm32f10x_flash.o(i.FLASH_ErasePage)
    FLASH_GetBank1Status                     0x080011c9   Thumb Code    48  stm32f10x_flash.o(i.FLASH_GetBank1Status)
    FLASH_Lock                               0x080011fd   Thumb Code    14  stm32f10x_flash.o(i.FLASH_Lock)
    FLASH_ProgramHalfWord                    0x08001211   Thumb Code    60  stm32f10x_flash.o(i.FLASH_ProgramHalfWord)
    FLASH_Unlock                             0x08001251   Thumb Code    12  stm32f10x_flash.o(i.FLASH_Unlock)
    FLASH_WaitForLastOperation               0x08001269   Thumb Code    38  stm32f10x_flash.o(i.FLASH_WaitForLastOperation)
    GPIO_DeInit                              0x08001291   Thumb Code   172  stm32f10x_gpio.o(i.GPIO_DeInit)
    GPIO_EXTILineConfig                      0x08001359   Thumb Code    60  stm32f10x_gpio.o(i.GPIO_EXTILineConfig)
    GPIO_Init                                0x08001399   Thumb Code   278  stm32f10x_gpio.o(i.GPIO_Init)
    GPIO_PinRemapConfig                      0x080014b1   Thumb Code   138  stm32f10x_gpio.o(i.GPIO_PinRemapConfig)
    GPIO_ReadInputDataBit                    0x08001541   Thumb Code    18  stm32f10x_gpio.o(i.GPIO_ReadInputDataBit)
    GPIO_ResetBits                           0x08001553   Thumb Code     4  stm32f10x_gpio.o(i.GPIO_ResetBits)
    GPIO_SetBits                             0x08001557   Thumb Code     4  stm32f10x_gpio.o(i.GPIO_SetBits)
    HardFault_Handler                        0x0800155b   Thumb Code     4  stm32f10x_it.o(i.HardFault_Handler)
    Key_DMA_EXTI_Init                        0x08001561   Thumb Code   458  key.o(i.Key_DMA_EXTI_Init)
    Key_Scan                                 0x08001741   Thumb Code    58  key.o(i.Key_Scan)
    LCD_P6x8Str                              0x08001781   Thumb Code    98  oled.o(i.LCD_P6x8Str)
    LCD_P6x8StrW                             0x080017e9   Thumb Code   102  oled.o(i.LCD_P6x8StrW)
    Led_Init                                 0x08001855   Thumb Code    40  led.o(i.Led_Init)
    MPU_IIC_Ack                              0x08001881   Thumb Code    62  mpuiic.o(i.MPU_IIC_Ack)
    MPU_IIC_Delay                            0x080018cd   Thumb Code    10  mpuiic.o(i.MPU_IIC_Delay)
    MPU_IIC_Init                             0x080018d9   Thumb Code    38  mpuiic.o(i.MPU_IIC_Init)
    MPU_IIC_NAck                             0x08001905   Thumb Code    62  mpuiic.o(i.MPU_IIC_NAck)
    MPU_IIC_Read_Byte                        0x08001951   Thumb Code    94  mpuiic.o(i.MPU_IIC_Read_Byte)
    MPU_IIC_Send_Byte                        0x080019bd   Thumb Code    80  mpuiic.o(i.MPU_IIC_Send_Byte)
    MPU_IIC_Start                            0x08001a19   Thumb Code    60  mpuiic.o(i.MPU_IIC_Start)
    MPU_IIC_Stop                             0x08001a61   Thumb Code    58  mpuiic.o(i.MPU_IIC_Stop)
    MPU_IIC_Wait_Ack                         0x08001aa9   Thumb Code    86  mpuiic.o(i.MPU_IIC_Wait_Ack)
    MPU_Init                                 0x08001b0d   Thumb Code   114  mpu6050.o(i.MPU_Init)
    MPU_Read_Byte                            0x08001b7f   Thumb Code    58  mpu6050.o(i.MPU_Read_Byte)
    MPU_Read_Len                             0x08001bb9   Thumb Code   116  mpu6050.o(i.MPU_Read_Len)
    MPU_Set_Accel_Fsr                        0x08001c2d   Thumb Code    16  mpu6050.o(i.MPU_Set_Accel_Fsr)
    MPU_Set_Gyro_Fsr                         0x08001c3d   Thumb Code    16  mpu6050.o(i.MPU_Set_Gyro_Fsr)
    MPU_Set_LPF                              0x08001c4d   Thumb Code    58  mpu6050.o(i.MPU_Set_LPF)
    MPU_Set_Rate                             0x08001c87   Thumb Code    58  mpu6050.o(i.MPU_Set_Rate)
    MPU_Write_Byte                           0x08001cc1   Thumb Code    68  mpu6050.o(i.MPU_Write_Byte)
    MPU_Write_Len                            0x08001d05   Thumb Code    96  mpu6050.o(i.MPU_Write_Len)
    MemManage_Handler                        0x08001d65   Thumb Code     4  stm32f10x_it.o(i.MemManage_Handler)
    Motor_TIM1_Init                          0x08001d69   Thumb Code   200  pwm.o(i.Motor_TIM1_Init)
    Mpu_Dmp_Init                             0x08001e3d   Thumb Code   148  inv_mpu.o(i.Mpu_Dmp_Init)
    NMI_Handler                              0x08001ed5   Thumb Code     2  stm32f10x_it.o(i.NMI_Handler)
    NVIC_Init                                0x08001ed9   Thumb Code   100  misc.o(i.NVIC_Init)
    NVIC_PriorityGroupConfig                 0x08001f49   Thumb Code    10  misc.o(i.NVIC_PriorityGroupConfig)
    OLED_Clear                               0x08001f5d   Thumb Code    64  oled.o(i.OLED_Clear)
    OLED_ClearLine                           0x08001f9d   Thumb Code    54  oled.o(i.OLED_ClearLine)
    OLED_Init                                0x08001fd5   Thumb Code   336  oled.o(i.OLED_Init)
    OLED_Set_Pos                             0x08002129   Thumb Code    46  oled.o(i.OLED_Set_Pos)
    OLED_WR_Byte                             0x08002159   Thumb Code   108  oled.o(i.OLED_WR_Byte)
    PendSV_Handler                           0x080021c9   Thumb Code     2  stm32f10x_it.o(i.PendSV_Handler)
    RCC_ADCCLKConfig                         0x080021cd   Thumb Code    18  stm32f10x_rcc.o(i.RCC_ADCCLKConfig)
    RCC_AHBPeriphClockCmd                    0x080021e5   Thumb Code    26  stm32f10x_rcc.o(i.RCC_AHBPeriphClockCmd)
    RCC_APB1PeriphClockCmd                   0x08002205   Thumb Code    26  stm32f10x_rcc.o(i.RCC_APB1PeriphClockCmd)
    RCC_APB2PeriphClockCmd                   0x08002225   Thumb Code    26  stm32f10x_rcc.o(i.RCC_APB2PeriphClockCmd)
    RCC_APB2PeriphResetCmd                   0x08002245   Thumb Code    26  stm32f10x_rcc.o(i.RCC_APB2PeriphResetCmd)
    STMFLASH_Read                            0x08002265   Thumb Code    34  flash.o(i.STMFLASH_Read)
    STMFLASH_ReadHalfWord                    0x08002287   Thumb Code     6  flash.o(i.STMFLASH_ReadHalfWord)
    STMFLASH_Write                           0x0800228d   Thumb Code   222  flash.o(i.STMFLASH_Write)
    STMFLASH_Write_NoCheck                   0x08002375   Thumb Code    40  flash.o(i.STMFLASH_Write_NoCheck)
    SVC_Handler                              0x0800239d   Thumb Code     2  stm32f10x_it.o(i.SVC_Handler)
    Steer_TIM3_PWM_Init                      0x08002489   Thumb Code   150  pwm.o(i.Steer_TIM3_PWM_Init)
    SysTick_CLKSourceConfig                  0x0800252d   Thumb Code    40  misc.o(i.SysTick_CLKSourceConfig)
    SysTick_Handler                          0x08002555   Thumb Code     2  stm32f10x_it.o(i.SysTick_Handler)
    SystemInit                               0x08002559   Thumb Code    78  system_stm32f10x.o(i.SystemInit)
    TIM2_IRQHandler                          0x080025b9   Thumb Code    24  encoder.o(i.TIM2_IRQHandler)
    TIM4_IRQHandler                          0x080025d1   Thumb Code    36  isr.o(i.TIM4_IRQHandler)
    TIM4_Int_Init                            0x080025fd   Thumb Code   100  timer.o(i.TIM4_Int_Init)
    TIM_ARRPreloadConfig                     0x08002665   Thumb Code    24  stm32f10x_tim.o(i.TIM_ARRPreloadConfig)
    TIM_ClearITPendingBit                    0x0800267d   Thumb Code     6  stm32f10x_tim.o(i.TIM_ClearITPendingBit)
    TIM_Cmd                                  0x08002683   Thumb Code    24  stm32f10x_tim.o(i.TIM_Cmd)
    TIM_CtrlPWMOutputs                       0x0800269b   Thumb Code    30  stm32f10x_tim.o(i.TIM_CtrlPWMOutputs)
    TIM_DMACmd                               0x080026b9   Thumb Code    18  stm32f10x_tim.o(i.TIM_DMACmd)
    TIM_GetITStatus                          0x080026cb   Thumb Code    34  stm32f10x_tim.o(i.TIM_GetITStatus)
    TIM_ITConfig                             0x080026ed   Thumb Code    18  stm32f10x_tim.o(i.TIM_ITConfig)
    TIM_OC1Init                              0x08002701   Thumb Code   132  stm32f10x_tim.o(i.TIM_OC1Init)
    TIM_OC2Init                              0x08002799   Thumb Code   154  stm32f10x_tim.o(i.TIM_OC2Init)
    TIM_OC2PreloadConfig                     0x0800283d   Thumb Code    26  stm32f10x_tim.o(i.TIM_OC2PreloadConfig)
    TIM_TimeBaseInit                         0x08002859   Thumb Code   122  stm32f10x_tim.o(i.TIM_TimeBaseInit)
    TSUI_ButtonEvent                         0x080028fd   Thumb Code   538  tjsc_ui.o(i.TSUI_ButtonEvent)
    TSUI_Display                             0x08002b3d   Thumb Code    40  tjsc_display.o(i.TSUI_Display)
    TSUI_FlashRead                           0x08002f01   Thumb Code    86  tjsc_ui.o(i.TSUI_FlashRead)
    TSUI_FlashSave                           0x08002f65   Thumb Code    48  tjsc_ui.o(i.TSUI_FlashSave)
    TSUI_HardwareInit                        0x08002f9d   Thumb Code     8  tjsc_ui.o(i.TSUI_HardwareInit)
    TSUI_Init                                0x08002fa5   Thumb Code    20  tjsc_ui.o(i.TSUI_Init)
    TSUI_Printf                              0x08002fbd   Thumb Code    44  tjsc_display.o(i.TSUI_Printf)
    TSUI_PrintfW                             0x08002fe9   Thumb Code    44  tjsc_display.o(i.TSUI_PrintfW)
    TSUI_SetButtonEvent                      0x08003015   Thumb Code     6  tjsc_ui.o(i.TSUI_SetButtonEvent)
    TSUI_Setpara                             0x08003021   Thumb Code    16  setpara.o(i.TSUI_Setpara)
    USART1_IRQHandler                        0x08003035   Thumb Code    32  usart.o(i.USART1_IRQHandler)
    USART_GetITStatus                        0x0800305d   Thumb Code    84  stm32f10x_usart.o(i.USART_GetITStatus)
    USART_ReceiveData                        0x080030b1   Thumb Code    10  stm32f10x_usart.o(i.USART_ReceiveData)
    USART_SendData                           0x080030bb   Thumb Code     8  stm32f10x_usart.o(i.USART_SendData)
    UsageFault_Handler                       0x080030c3   Thumb Code     4  stm32f10x_it.o(i.UsageFault_Handler)
    __0printf                                0x080030c9   Thumb Code    22  printfa.o(i.__0printf)
    __1printf                                0x080030c9   Thumb Code     0  printfa.o(i.__0printf)
    __2printf                                0x080030c9   Thumb Code     0  printfa.o(i.__0printf)
    __c89printf                              0x080030c9   Thumb Code     0  printfa.o(i.__0printf)
    printf                                   0x080030c9   Thumb Code     0  printfa.o(i.__0printf)
    __0vsnprintf                             0x080030e9   Thumb Code    32  printfa.o(i.__0vsnprintf)
    __1vsnprintf                             0x080030e9   Thumb Code     0  printfa.o(i.__0vsnprintf)
    __2vsnprintf                             0x080030e9   Thumb Code     0  printfa.o(i.__0vsnprintf)
    __c89vsnprintf                           0x080030e9   Thumb Code     0  printfa.o(i.__0vsnprintf)
    vsnprintf                                0x080030e9   Thumb Code     0  printfa.o(i.__0vsnprintf)
    __scatterload_copy                       0x0800310d   Thumb Code    14  handlers.o(i.__scatterload_copy)
    __scatterload_null                       0x0800311b   Thumb Code     2  handlers.o(i.__scatterload_null)
    __scatterload_zeroinit                   0x0800311d   Thumb Code    14  handlers.o(i.__scatterload_zeroinit)
    delay_init                               0x08003a7d   Thumb Code    50  delay.o(i.delay_init)
    delay_ms                                 0x08003ac1   Thumb Code    72  delay.o(i.delay_ms)
    delay_us                                 0x08003b0d   Thumb Code    72  delay.o(i.delay_us)
    dmp_enable_6x_lp_quat                    0x08003b59   Thumb Code    60  inv_mpu_dmp_motion_driver.o(i.dmp_enable_6x_lp_quat)
    dmp_enable_feature                       0x08003b95   Thumb Code   530  inv_mpu_dmp_motion_driver.o(i.dmp_enable_feature)
    dmp_enable_gyro_cal                      0x08003db1   Thumb Code    62  inv_mpu_dmp_motion_driver.o(i.dmp_enable_gyro_cal)
    dmp_enable_lp_quat                       0x08003e09   Thumb Code    60  inv_mpu_dmp_motion_driver.o(i.dmp_enable_lp_quat)
    dmp_load_motion_driver_firmware          0x08003e45   Thumb Code    20  inv_mpu_dmp_motion_driver.o(i.dmp_load_motion_driver_firmware)
    dmp_set_accel_bias                       0x08003e5d   Thumb Code   300  inv_mpu_dmp_motion_driver.o(i.dmp_set_accel_bias)
    dmp_set_fifo_rate                        0x08003f8d   Thumb Code    96  inv_mpu_dmp_motion_driver.o(i.dmp_set_fifo_rate)
    dmp_set_gyro_bias                        0x08003ffd   Thumb Code   294  inv_mpu_dmp_motion_driver.o(i.dmp_set_gyro_bias)
    dmp_set_orientation                      0x0800412d   Thumb Code   290  inv_mpu_dmp_motion_driver.o(i.dmp_set_orientation)
    dmp_set_shake_reject_thresh              0x08004265   Thumb Code    56  inv_mpu_dmp_motion_driver.o(i.dmp_set_shake_reject_thresh)
    dmp_set_shake_reject_time                0x0800429d   Thumb Code    38  inv_mpu_dmp_motion_driver.o(i.dmp_set_shake_reject_time)
    dmp_set_shake_reject_timeout             0x080042c3   Thumb Code    38  inv_mpu_dmp_motion_driver.o(i.dmp_set_shake_reject_timeout)
    dmp_set_tap_axes                         0x080042e9   Thumb Code    70  inv_mpu_dmp_motion_driver.o(i.dmp_set_tap_axes)
    dmp_set_tap_count                        0x0800432f   Thumb Code    38  inv_mpu_dmp_motion_driver.o(i.dmp_set_tap_count)
    dmp_set_tap_thresh                       0x08004355   Thumb Code   396  inv_mpu_dmp_motion_driver.o(i.dmp_set_tap_thresh)
    dmp_set_tap_time                         0x080044f5   Thumb Code    38  inv_mpu_dmp_motion_driver.o(i.dmp_set_tap_time)
    dmp_set_tap_time_multi                   0x0800451b   Thumb Code    38  inv_mpu_dmp_motion_driver.o(i.dmp_set_tap_time_multi)
    fputc                                    0x08004541   Thumb Code    24  usart.o(i.fputc)
    inv_orientation_matrix_to_scalar         0x08004b91   Thumb Code    40  inv_mpu.o(i.inv_orientation_matrix_to_scalar)
    inv_row_2_scale                          0x08004bb9   Thumb Code    78  inv_mpu.o(i.inv_row_2_scale)
    main                                     0x08004c07   Thumb Code    16  main.o(i.main)
    mpu_configure_fifo                       0x08004c19   Thumb Code   106  inv_mpu.o(i.mpu_configure_fifo)
    mpu_get_accel_fsr                        0x08004c89   Thumb Code    72  inv_mpu.o(i.mpu_get_accel_fsr)
    mpu_get_accel_sens                       0x08004cd5   Thumb Code    78  inv_mpu.o(i.mpu_get_accel_sens)
    mpu_get_fifo_config                      0x08004d29   Thumb Code    12  inv_mpu.o(i.mpu_get_fifo_config)
    mpu_get_gyro_fsr                         0x08004d39   Thumb Code    64  inv_mpu.o(i.mpu_get_gyro_fsr)
    mpu_get_gyro_sens                        0x08004d7d   Thumb Code    58  inv_mpu.o(i.mpu_get_gyro_sens)
    mpu_get_lpf                              0x08004dcd   Thumb Code    74  inv_mpu.o(i.mpu_get_lpf)
    mpu_get_sample_rate                      0x08004e1d   Thumb Code    26  inv_mpu.o(i.mpu_get_sample_rate)
    mpu_init                                 0x08004e3d   Thumb Code   416  inv_mpu.o(i.mpu_init)
    mpu_load_firmware                        0x0800502d   Thumb Code   180  inv_mpu.o(i.mpu_load_firmware)
    mpu_lp_accel_mode                        0x080050e5   Thumb Code   218  inv_mpu.o(i.mpu_lp_accel_mode)
    mpu_read_mem                             0x080051c5   Thumb Code   122  inv_mpu.o(i.mpu_read_mem)
    mpu_reset_fifo                           0x08005245   Thumb Code   450  inv_mpu.o(i.mpu_reset_fifo)
    mpu_run_self_test                        0x0800540d   Thumb Code   278  inv_mpu.o(i.mpu_run_self_test)
    mpu_set_accel_fsr                        0x08005529   Thumb Code   126  inv_mpu.o(i.mpu_set_accel_fsr)
    mpu_set_bypass                           0x080055ad   Thumb Code   328  inv_mpu.o(i.mpu_set_bypass)
    mpu_set_dmp_state                        0x080056f9   Thumb Code   138  inv_mpu.o(i.mpu_set_dmp_state)
    mpu_set_gyro_fsr                         0x08005789   Thumb Code   132  inv_mpu.o(i.mpu_set_gyro_fsr)
    mpu_set_int_latched                      0x08005811   Thumb Code   102  inv_mpu.o(i.mpu_set_int_latched)
    mpu_set_lpf                              0x0800587d   Thumb Code   126  inv_mpu.o(i.mpu_set_lpf)
    mpu_set_sample_rate                      0x08005901   Thumb Code   152  inv_mpu.o(i.mpu_set_sample_rate)
    mpu_set_sensors                          0x0800599d   Thumb Code   202  inv_mpu.o(i.mpu_set_sensors)
    mpu_write_mem                            0x08005a6d   Thumb Code   122  inv_mpu.o(i.mpu_write_mem)
    run_self_test                            0x08005aed   Thumb Code   148  inv_mpu.o(i.run_self_test)
    reg                                      0x08005c34   Data          27  inv_mpu.o(.constdata)
    hw                                       0x08005c50   Data          12  inv_mpu.o(.constdata)
    test                                     0x08005c5c   Data          40  inv_mpu.o(.constdata)
    F6x8                                     0x0800687a   Data         552  oled.o(.constdata)
    F8X16                                    0x08006aa2   Data        1520  oled.o(.constdata)
    Region$$Table$$Base                      0x080070e4   Number         0  anon$$obj.o(Region$$Table)
    Region$$Table$$Limit                     0x08007104   Number         0  anon$$obj.o(Region$$Table)
    T                                        0x20000000   Data           4  isr.o(.data)
    SystemCoreClock                          0x20000004   Data           4  system_stm32f10x.o(.data)
    AHBPrescTable                            0x20000008   Data          16  system_stm32f10x.o(.data)
    __stdout                                 0x2000001c   Data           4  usart.o(.data)
    USART_RX_STA                             0x20000020   Data           1  usart.o(.data)
    buttonEvent                              0x20000022   Data           1  key.o(.data)
    GPIOA_value                              0x20000024   Data           2  key.o(.data)
    en_pos1                                  0x20000060   Data           4  encoder.o(.data)
    paralist                                 0x20000068   Data        2000  setpara.o(.data)
    setpara_temp1                            0x20000838   Data         192  setpara.o(.data)
    tsui                                     0x200008f8   Data           8  tjsc_ui.o(.data)
    STMFLASH_BUF                             0x20000910   Data        2048  flash.o(.bss)
    mycar                                    0x20001110   Data          40  data_input.o(.bss)
    indata                                   0x20001138   Data          68  data_input.o(.bss)
    rawdata                                  0x2000117c   Data          28  data_input.o(.bss)
    uart2_buff                               0x20001198   Data          64  data_input.o(.bss)
    outdata                                  0x200011d8   Data          28  data_output.o(.bss)
    setpara                                  0x200011f4   Data         192  setpara.o(.bss)
    camcfg                                   0x200012b4   Data          50  setpara.o(.bss)
    __initial_sp                             0x200016e8   Data           0  startup_stm32f10x_md.o(STACK)



==============================================================================

Memory Map of the image

  Image Entry point : 0x080000ed

  Load Region LR_IROM1 (Base: 0x08000000, Size: 0x00007a04, Max: 0x00010000, ABSOLUTE, COMPRESSED[0x00007314])

    Execution Region ER_IROM1 (Exec base: 0x08000000, Load base: 0x08000000, Size: 0x00007104, Max: 0x00010000, ABSOLUTE)

    Exec Addr    Load Addr    Size         Type   Attr      Idx    E Section Name        Object

    0x08000000   0x08000000   0x000000ec   Data   RO            3    RESET               startup_stm32f10x_md.o
    0x080000ec   0x080000ec   0x00000000   Code   RO         4697  * .ARM.Collect$$$$00000000  mc_w.l(entry.o)
    0x080000ec   0x080000ec   0x00000004   Code   RO         5038    .ARM.Collect$$$$00000001  mc_w.l(entry2.o)
    0x080000f0   0x080000f0   0x00000004   Code   RO         5041    .ARM.Collect$$$$00000004  mc_w.l(entry5.o)
    0x080000f4   0x080000f4   0x00000000   Code   RO         5043    .ARM.Collect$$$$00000008  mc_w.l(entry7b.o)
    0x080000f4   0x080000f4   0x00000000   Code   RO         5045    .ARM.Collect$$$$0000000A  mc_w.l(entry8b.o)
    0x080000f4   0x080000f4   0x00000008   Code   RO         5046    .ARM.Collect$$$$0000000B  mc_w.l(entry9a.o)
    0x080000fc   0x080000fc   0x00000000   Code   RO         5048    .ARM.Collect$$$$0000000D  mc_w.l(entry10a.o)
    0x080000fc   0x080000fc   0x00000000   Code   RO         5050    .ARM.Collect$$$$0000000F  mc_w.l(entry11a.o)
    0x080000fc   0x080000fc   0x00000004   Code   RO         5039    .ARM.Collect$$$$00002712  mc_w.l(entry2.o)
    0x08000100   0x08000100   0x00000024   Code   RO            4    .text               startup_stm32f10x_md.o
    0x08000124   0x08000124   0x00000062   Code   RO         4700    .text               mc_w.l(ldiv.o)
    0x08000186   0x08000186   0x00000024   Code   RO         4702    .text               mc_w.l(memcpya.o)
    0x080001aa   0x080001aa   0x00000024   Code   RO         4704    .text               mc_w.l(memseta.o)
    0x080001ce   0x080001ce   0x0000001a   Code   RO         4706    .text               mc_w.l(memcmp.o)
    0x080001e8   0x080001e8   0x000000b0   Code   RO         4971    .text               mf_w.l(fadd.o)
    0x08000298   0x08000298   0x00000064   Code   RO         4973    .text               mf_w.l(fmul.o)
    0x080002fc   0x080002fc   0x0000007c   Code   RO         4975    .text               mf_w.l(fdiv.o)
    0x08000378   0x08000378   0x0000014e   Code   RO         4977    .text               mf_w.l(dadd.o)
    0x080004c6   0x080004c6   0x000000e4   Code   RO         4979    .text               mf_w.l(dmul.o)
    0x080005aa   0x080005aa   0x000000de   Code   RO         4981    .text               mf_w.l(ddiv.o)
    0x08000688   0x08000688   0x00000012   Code   RO         4983    .text               mf_w.l(fflti.o)
    0x0800069a   0x0800069a   0x0000000a   Code   RO         4985    .text               mf_w.l(ffltui.o)
    0x080006a4   0x080006a4   0x00000032   Code   RO         4989    .text               mf_w.l(ffixi.o)
    0x080006d6   0x080006d6   0x00000028   Code   RO         4991    .text               mf_w.l(ffixui.o)
    0x080006fe   0x080006fe   0x00000002   PAD
    0x08000700   0x08000700   0x00000014   Code   RO         4997    .text               mf_w.l(cfcmple.o)
    0x08000714   0x08000714   0x00000014   Code   RO         4999    .text               mf_w.l(cfrcmple.o)
    0x08000728   0x08000728   0x0000002c   Code   RO         5052    .text               mc_w.l(uidiv.o)
    0x08000754   0x08000754   0x00000062   Code   RO         5054    .text               mc_w.l(uldiv.o)
    0x080007b6   0x080007b6   0x0000001e   Code   RO         5056    .text               mc_w.l(llshl.o)
    0x080007d4   0x080007d4   0x00000024   Code   RO         5058    .text               mc_w.l(llsshr.o)
    0x080007f8   0x080007f8   0x00000000   Code   RO         5067    .text               mc_w.l(iusefp.o)
    0x080007f8   0x080007f8   0x0000006e   Code   RO         5068    .text               mf_w.l(fepilogue.o)
    0x08000866   0x08000866   0x000000ba   Code   RO         5070    .text               mf_w.l(depilogue.o)
    0x08000920   0x08000920   0x00000030   Code   RO         5074    .text               mf_w.l(dfixul.o)
    0x08000950   0x08000950   0x00000030   Code   RO         5076    .text               mf_w.l(cdrcmple.o)
    0x08000980   0x08000980   0x00000024   Code   RO         5078    .text               mc_w.l(init.o)
    0x080009a4   0x080009a4   0x00000020   Code   RO         5080    .text               mc_w.l(llushr.o)
    0x080009c4   0x080009c4   0x00000056   Code   RO         5094    .text               mc_w.l(__dczerorl2.o)
    0x08000a1a   0x08000a1a   0x00000016   Code   RO          463    i.ADC_Cmd           stm32f10x_adc.o
    0x08000a30   0x08000a30   0x00000016   Code   RO          468    i.ADC_ExternalTrigConvCmd  stm32f10x_adc.o
    0x08000a46   0x08000a46   0x00000002   PAD
    0x08000a48   0x08000a48   0x000000e0   Code   RO         4273    i.ADC_GPIO_Init     adc.o
    0x08000b28   0x08000b28   0x00000014   Code   RO          471    i.ADC_GetCalibrationStatus  stm32f10x_adc.o
    0x08000b3c   0x08000b3c   0x00000014   Code   RO          477    i.ADC_GetResetCalibrationStatus  stm32f10x_adc.o
    0x08000b50   0x08000b50   0x00000050   Code   RO          481    i.ADC_Init          stm32f10x_adc.o
    0x08000ba0   0x08000ba0   0x000000b8   Code   RO          485    i.ADC_RegularChannelConfig  stm32f10x_adc.o
    0x08000c58   0x08000c58   0x0000000a   Code   RO          486    i.ADC_ResetCalibration  stm32f10x_adc.o
    0x08000c62   0x08000c62   0x0000000a   Code   RO          490    i.ADC_StartCalibration  stm32f10x_adc.o
    0x08000c6c   0x08000c6c   0x00000114   Code   RO         4274    i.Adc_Init          adc.o
    0x08000d80   0x08000d80   0x0000006c   Code   RO           10    i.All_Init          init.o
    0x08000dec   0x08000dec   0x0000002c   Code   RO         3497    i.Beep_Init         led.o
    0x08000e18   0x08000e18   0x00000004   Code   RO          288    i.BusFault_Handler  stm32f10x_it.o
    0x08000e1c   0x08000e1c   0x00000002   Code   RO         4275    i.DMA1_Channel1_IRQHandler  adc.o
    0x08000e1e   0x08000e1e   0x00000018   Code   RO         1148    i.DMA_Cmd           stm32f10x_dma.o
    0x08000e36   0x08000e36   0x0000003c   Code   RO         1154    i.DMA_Init          stm32f10x_dma.o
    0x08000e72   0x08000e72   0x00000002   Code   RO          289    i.DebugMon_Handler  stm32f10x_it.o
    0x08000e74   0x08000e74   0x00000044   Code   RO          220    i.EXTI15_10_IRQHandler  isr.o
    0x08000eb8   0x08000eb8   0x0000001e   Code   RO          221    i.EXTI3_IRQHandler  isr.o
    0x08000ed6   0x08000ed6   0x0000001e   Code   RO          222    i.EXTI4_IRQHandler  isr.o
    0x08000ef4   0x08000ef4   0x000000e8   Code   RO          223    i.EXTI9_5_IRQHandler  isr.o
    0x08000fdc   0x08000fdc   0x0000000c   Code   RO         1218    i.EXTI_ClearFlag    stm32f10x_exti.o
    0x08000fe8   0x08000fe8   0x0000000c   Code   RO         1219    i.EXTI_ClearITPendingBit  stm32f10x_exti.o
    0x08000ff4   0x08000ff4   0x00000028   Code   RO         1223    i.EXTI_GetITStatus  stm32f10x_exti.o
    0x0800101c   0x0800101c   0x00000094   Code   RO         1224    i.EXTI_Init         stm32f10x_exti.o
    0x080010b0   0x080010b0   0x000000cc   Code   RO         4196    i.Encode_Exti_Init  encoder.o
    0x0800117c   0x0800117c   0x0000004c   Code   RO         1277    i.FLASH_ErasePage   stm32f10x_flash.o
    0x080011c8   0x080011c8   0x00000034   Code   RO         1278    i.FLASH_GetBank1Status  stm32f10x_flash.o
    0x080011fc   0x080011fc   0x00000014   Code   RO         1287    i.FLASH_Lock        stm32f10x_flash.o
    0x08001210   0x08001210   0x00000040   Code   RO         1290    i.FLASH_ProgramHalfWord  stm32f10x_flash.o
    0x08001250   0x08001250   0x00000018   Code   RO         1295    i.FLASH_Unlock      stm32f10x_flash.o
    0x08001268   0x08001268   0x00000026   Code   RO         1299    i.FLASH_WaitForLastOperation  stm32f10x_flash.o
    0x0800128e   0x0800128e   0x00000002   PAD
    0x08001290   0x08001290   0x000000c8   Code   RO         1567    i.GPIO_DeInit       stm32f10x_gpio.o
    0x08001358   0x08001358   0x00000040   Code   RO         1569    i.GPIO_EXTILineConfig  stm32f10x_gpio.o
    0x08001398   0x08001398   0x00000116   Code   RO         1572    i.GPIO_Init         stm32f10x_gpio.o
    0x080014ae   0x080014ae   0x00000002   PAD
    0x080014b0   0x080014b0   0x00000090   Code   RO         1574    i.GPIO_PinRemapConfig  stm32f10x_gpio.o
    0x08001540   0x08001540   0x00000012   Code   RO         1576    i.GPIO_ReadInputDataBit  stm32f10x_gpio.o
    0x08001552   0x08001552   0x00000004   Code   RO         1579    i.GPIO_ResetBits    stm32f10x_gpio.o
    0x08001556   0x08001556   0x00000004   Code   RO         1580    i.GPIO_SetBits      stm32f10x_gpio.o
    0x0800155a   0x0800155a   0x00000004   Code   RO          290    i.HardFault_Handler  stm32f10x_it.o
    0x0800155e   0x0800155e   0x00000002   PAD
    0x08001560   0x08001560   0x000001e0   Code   RO         3470    i.Key_DMA_EXTI_Init  key.o
    0x08001740   0x08001740   0x00000040   Code   RO         3472    i.Key_Scan          key.o
    0x08001780   0x08001780   0x00000068   Code   RO         4314    i.LCD_P6x8Str       oled.o
    0x080017e8   0x080017e8   0x0000006c   Code   RO         4315    i.LCD_P6x8StrW      oled.o
    0x08001854   0x08001854   0x0000002c   Code   RO         3498    i.Led_Init          led.o
    0x08001880   0x08001880   0x0000004c   Code   RO         3593    i.MPU_IIC_Ack       mpuiic.o
    0x080018cc   0x080018cc   0x0000000a   Code   RO         3594    i.MPU_IIC_Delay     mpuiic.o
    0x080018d6   0x080018d6   0x00000002   PAD
    0x080018d8   0x080018d8   0x0000002c   Code   RO         3595    i.MPU_IIC_Init      mpuiic.o
    0x08001904   0x08001904   0x0000004c   Code   RO         3596    i.MPU_IIC_NAck      mpuiic.o
    0x08001950   0x08001950   0x0000006c   Code   RO         3597    i.MPU_IIC_Read_Byte  mpuiic.o
    0x080019bc   0x080019bc   0x0000005c   Code   RO         3598    i.MPU_IIC_Send_Byte  mpuiic.o
    0x08001a18   0x08001a18   0x00000048   Code   RO         3599    i.MPU_IIC_Start     mpuiic.o
    0x08001a60   0x08001a60   0x00000048   Code   RO         3600    i.MPU_IIC_Stop      mpuiic.o
    0x08001aa8   0x08001aa8   0x00000064   Code   RO         3601    i.MPU_IIC_Wait_Ack  mpuiic.o
    0x08001b0c   0x08001b0c   0x00000072   Code   RO         3518    i.MPU_Init          mpu6050.o
    0x08001b7e   0x08001b7e   0x0000003a   Code   RO         3519    i.MPU_Read_Byte     mpu6050.o
    0x08001bb8   0x08001bb8   0x00000074   Code   RO         3520    i.MPU_Read_Len      mpu6050.o
    0x08001c2c   0x08001c2c   0x00000010   Code   RO         3521    i.MPU_Set_Accel_Fsr  mpu6050.o
    0x08001c3c   0x08001c3c   0x00000010   Code   RO         3522    i.MPU_Set_Gyro_Fsr  mpu6050.o
    0x08001c4c   0x08001c4c   0x0000003a   Code   RO         3523    i.MPU_Set_LPF       mpu6050.o
    0x08001c86   0x08001c86   0x0000003a   Code   RO         3524    i.MPU_Set_Rate      mpu6050.o
    0x08001cc0   0x08001cc0   0x00000044   Code   RO         3525    i.MPU_Write_Byte    mpu6050.o
    0x08001d04   0x08001d04   0x00000060   Code   RO         3526    i.MPU_Write_Len     mpu6050.o
    0x08001d64   0x08001d64   0x00000004   Code   RO          291    i.MemManage_Handler  stm32f10x_it.o
    0x08001d68   0x08001d68   0x000000d4   Code   RO         4248    i.Motor_TIM1_Init   pwm.o
    0x08001e3c   0x08001e3c   0x00000098   Code   RO         3654    i.Mpu_Dmp_Init      inv_mpu.o
    0x08001ed4   0x08001ed4   0x00000002   Code   RO          292    i.NMI_Handler       stm32f10x_it.o
    0x08001ed6   0x08001ed6   0x00000002   PAD
    0x08001ed8   0x08001ed8   0x00000070   Code   RO          421    i.NVIC_Init         misc.o
    0x08001f48   0x08001f48   0x00000014   Code   RO          422    i.NVIC_PriorityGroupConfig  misc.o
    0x08001f5c   0x08001f5c   0x00000040   Code   RO         4316    i.OLED_Clear        oled.o
    0x08001f9c   0x08001f9c   0x00000036   Code   RO         4317    i.OLED_ClearLine    oled.o
    0x08001fd2   0x08001fd2   0x00000002   PAD
    0x08001fd4   0x08001fd4   0x00000154   Code   RO         4321    i.OLED_Init         oled.o
    0x08002128   0x08002128   0x0000002e   Code   RO         4322    i.OLED_Set_Pos      oled.o
    0x08002156   0x08002156   0x00000002   PAD
    0x08002158   0x08002158   0x00000070   Code   RO         4327    i.OLED_WR_Byte      oled.o
    0x080021c8   0x080021c8   0x00000002   Code   RO          293    i.PendSV_Handler    stm32f10x_it.o
    0x080021ca   0x080021ca   0x00000002   PAD
    0x080021cc   0x080021cc   0x00000018   Code   RO         1986    i.RCC_ADCCLKConfig  stm32f10x_rcc.o
    0x080021e4   0x080021e4   0x00000020   Code   RO         1987    i.RCC_AHBPeriphClockCmd  stm32f10x_rcc.o
    0x08002204   0x08002204   0x00000020   Code   RO         1988    i.RCC_APB1PeriphClockCmd  stm32f10x_rcc.o
    0x08002224   0x08002224   0x00000020   Code   RO         1990    i.RCC_APB2PeriphClockCmd  stm32f10x_rcc.o
    0x08002244   0x08002244   0x00000020   Code   RO         1991    i.RCC_APB2PeriphResetCmd  stm32f10x_rcc.o
    0x08002264   0x08002264   0x00000022   Code   RO         4417    i.STMFLASH_Read     flash.o
    0x08002286   0x08002286   0x00000006   Code   RO         4418    i.STMFLASH_ReadHalfWord  flash.o
    0x0800228c   0x0800228c   0x000000e8   Code   RO         4419    i.STMFLASH_Write    flash.o
    0x08002374   0x08002374   0x00000028   Code   RO         4420    i.STMFLASH_Write_NoCheck  flash.o
    0x0800239c   0x0800239c   0x00000002   Code   RO          294    i.SVC_Handler       stm32f10x_it.o
    0x0800239e   0x0800239e   0x00000008   Code   RO          377    i.SetSysClock       system_stm32f10x.o
    0x080023a6   0x080023a6   0x00000002   PAD
    0x080023a8   0x080023a8   0x000000e0   Code   RO          378    i.SetSysClockTo72   system_stm32f10x.o
    0x08002488   0x08002488   0x000000a4   Code   RO         4249    i.Steer_TIM3_PWM_Init  pwm.o
    0x0800252c   0x0800252c   0x00000028   Code   RO          425    i.SysTick_CLKSourceConfig  misc.o
    0x08002554   0x08002554   0x00000002   Code   RO          295    i.SysTick_Handler   stm32f10x_it.o
    0x08002556   0x08002556   0x00000002   PAD
    0x08002558   0x08002558   0x00000060   Code   RO          380    i.SystemInit        system_stm32f10x.o
    0x080025b8   0x080025b8   0x00000018   Code   RO         4201    i.TIM2_IRQHandler   encoder.o
    0x080025d0   0x080025d0   0x0000002c   Code   RO          224    i.TIM4_IRQHandler   isr.o
    0x080025fc   0x080025fc   0x00000068   Code   RO         3458    i.TIM4_Int_Init     timer.o
    0x08002664   0x08002664   0x00000018   Code   RO         2610    i.TIM_ARRPreloadConfig  stm32f10x_tim.o
    0x0800267c   0x0800267c   0x00000006   Code   RO         2617    i.TIM_ClearITPendingBit  stm32f10x_tim.o
    0x08002682   0x08002682   0x00000018   Code   RO         2622    i.TIM_Cmd           stm32f10x_tim.o
    0x0800269a   0x0800269a   0x0000001e   Code   RO         2624    i.TIM_CtrlPWMOutputs  stm32f10x_tim.o
    0x080026b8   0x080026b8   0x00000012   Code   RO         2625    i.TIM_DMACmd        stm32f10x_tim.o
    0x080026ca   0x080026ca   0x00000022   Code   RO         2643    i.TIM_GetITStatus   stm32f10x_tim.o
    0x080026ec   0x080026ec   0x00000012   Code   RO         2647    i.TIM_ITConfig      stm32f10x_tim.o
    0x080026fe   0x080026fe   0x00000002   PAD
    0x08002700   0x08002700   0x00000098   Code   RO         2651    i.TIM_OC1Init       stm32f10x_tim.o
    0x08002798   0x08002798   0x000000a4   Code   RO         2656    i.TIM_OC2Init       stm32f10x_tim.o
    0x0800283c   0x0800283c   0x0000001a   Code   RO         2659    i.TIM_OC2PreloadConfig  stm32f10x_tim.o
    0x08002856   0x08002856   0x00000002   PAD
    0x08002858   0x08002858   0x000000a4   Code   RO         2693    i.TIM_TimeBaseInit  stm32f10x_tim.o
    0x080028fc   0x080028fc   0x00000240   Code   RO         4619    i.TSUI_ButtonEvent  tjsc_ui.o
    0x08002b3c   0x08002b3c   0x0000002c   Code   RO         4552    i.TSUI_Display      tjsc_display.o
    0x08002b68   0x08002b68   0x0000001e   Code   RO         4553    i.TSUI_DisplayFullPage  tjsc_display.o
    0x08002b86   0x08002b86   0x00000002   PAD
    0x08002b88   0x08002b88   0x0000010c   Code   RO         4554    i.TSUI_DisplayPara  tjsc_display.o
    0x08002c94   0x08002c94   0x0000026c   Code   RO         4555    i.TSUI_DisplayUpperPage  tjsc_display.o
    0x08002f00   0x08002f00   0x00000064   Code   RO         4621    i.TSUI_FlashRead    tjsc_ui.o
    0x08002f64   0x08002f64   0x00000038   Code   RO         4622    i.TSUI_FlashSave    tjsc_ui.o
    0x08002f9c   0x08002f9c   0x00000008   Code   RO         4623    i.TSUI_HardwareInit  tjsc_ui.o
    0x08002fa4   0x08002fa4   0x00000018   Code   RO         4624    i.TSUI_Init         tjsc_ui.o
    0x08002fbc   0x08002fbc   0x0000002c   Code   RO         4556    i.TSUI_Printf       tjsc_display.o
    0x08002fe8   0x08002fe8   0x0000002c   Code   RO         4557    i.TSUI_PrintfW      tjsc_display.o
    0x08003014   0x08003014   0x0000000c   Code   RO         4625    i.TSUI_SetButtonEvent  tjsc_ui.o
    0x08003020   0x08003020   0x00000014   Code   RO         4600    i.TSUI_Setpara      setpara.o
    0x08003034   0x08003034   0x00000028   Code   RO         3426    i.USART1_IRQHandler  usart.o
    0x0800305c   0x0800305c   0x00000054   Code   RO         3162    i.USART_GetITStatus  stm32f10x_usart.o
    0x080030b0   0x080030b0   0x0000000a   Code   RO         3172    i.USART_ReceiveData  stm32f10x_usart.o
    0x080030ba   0x080030ba   0x00000008   Code   RO         3175    i.USART_SendData    stm32f10x_usart.o
    0x080030c2   0x080030c2   0x00000004   Code   RO          296    i.UsageFault_Handler  stm32f10x_it.o
    0x080030c6   0x080030c6   0x00000002   PAD
    0x080030c8   0x080030c8   0x00000020   Code   RO         4943    i.__0printf         mc_w.l(printfa.o)
    0x080030e8   0x080030e8   0x00000024   Code   RO         4948    i.__0vsnprintf      mc_w.l(printfa.o)
    0x0800310c   0x0800310c   0x0000000e   Code   RO         5088    i.__scatterload_copy  mc_w.l(handlers.o)
    0x0800311a   0x0800311a   0x00000002   Code   RO         5089    i.__scatterload_null  mc_w.l(handlers.o)
    0x0800311c   0x0800311c   0x0000000e   Code   RO         5090    i.__scatterload_zeroinit  mc_w.l(handlers.o)
    0x0800312a   0x0800312a   0x00000002   PAD
    0x0800312c   0x0800312c   0x00000164   Code   RO         4950    i._fp_digits        mc_w.l(printfa.o)
    0x08003290   0x08003290   0x000006dc   Code   RO         4951    i._printf_core      mc_w.l(printfa.o)
    0x0800396c   0x0800396c   0x00000024   Code   RO         4952    i._printf_post_padding  mc_w.l(printfa.o)
    0x08003990   0x08003990   0x0000002e   Code   RO         4953    i._printf_pre_padding  mc_w.l(printfa.o)
    0x080039be   0x080039be   0x00000016   Code   RO         4954    i._snputc           mc_w.l(printfa.o)
    0x080039d4   0x080039d4   0x000000a8   Code   RO         3655    i.accel_self_test   inv_mpu.o
    0x08003a7c   0x08003a7c   0x00000044   Code   RO         3388    i.delay_init        delay.o
    0x08003ac0   0x08003ac0   0x0000004c   Code   RO         3389    i.delay_ms          delay.o
    0x08003b0c   0x08003b0c   0x0000004c   Code   RO         3390    i.delay_us          delay.o
    0x08003b58   0x08003b58   0x0000003c   Code   RO         3979    i.dmp_enable_6x_lp_quat  inv_mpu_dmp_motion_driver.o
    0x08003b94   0x08003b94   0x0000021c   Code   RO         3980    i.dmp_enable_feature  inv_mpu_dmp_motion_driver.o
    0x08003db0   0x08003db0   0x00000058   Code   RO         3981    i.dmp_enable_gyro_cal  inv_mpu_dmp_motion_driver.o
    0x08003e08   0x08003e08   0x0000003c   Code   RO         3982    i.dmp_enable_lp_quat  inv_mpu_dmp_motion_driver.o
    0x08003e44   0x08003e44   0x00000018   Code   RO         3987    i.dmp_load_motion_driver_firmware  inv_mpu_dmp_motion_driver.o
    0x08003e5c   0x08003e5c   0x00000130   Code   RO         3991    i.dmp_set_accel_bias  inv_mpu_dmp_motion_driver.o
    0x08003f8c   0x08003f8c   0x00000070   Code   RO         3992    i.dmp_set_fifo_rate  inv_mpu_dmp_motion_driver.o
    0x08003ffc   0x08003ffc   0x00000130   Code   RO         3993    i.dmp_set_gyro_bias  inv_mpu_dmp_motion_driver.o
    0x0800412c   0x0800412c   0x00000138   Code   RO         3995    i.dmp_set_orientation  inv_mpu_dmp_motion_driver.o
    0x08004264   0x08004264   0x00000038   Code   RO         3998    i.dmp_set_shake_reject_thresh  inv_mpu_dmp_motion_driver.o
    0x0800429c   0x0800429c   0x00000026   Code   RO         3999    i.dmp_set_shake_reject_time  inv_mpu_dmp_motion_driver.o
    0x080042c2   0x080042c2   0x00000026   Code   RO         4000    i.dmp_set_shake_reject_timeout  inv_mpu_dmp_motion_driver.o
    0x080042e8   0x080042e8   0x00000046   Code   RO         4001    i.dmp_set_tap_axes  inv_mpu_dmp_motion_driver.o
    0x0800432e   0x0800432e   0x00000026   Code   RO         4002    i.dmp_set_tap_count  inv_mpu_dmp_motion_driver.o
    0x08004354   0x08004354   0x000001a0   Code   RO         4003    i.dmp_set_tap_thresh  inv_mpu_dmp_motion_driver.o
    0x080044f4   0x080044f4   0x00000026   Code   RO         4004    i.dmp_set_tap_time  inv_mpu_dmp_motion_driver.o
    0x0800451a   0x0800451a   0x00000026   Code   RO         4005    i.dmp_set_tap_time_multi  inv_mpu_dmp_motion_driver.o
    0x08004540   0x08004540   0x0000001c   Code   RO         3427    i.fputc             usart.o
    0x0800455c   0x0800455c   0x000000b4   Code   RO         3656    i.get_accel_prod_shift  inv_mpu.o
    0x08004610   0x08004610   0x00000470   Code   RO         3657    i.get_st_biases     inv_mpu.o
    0x08004a80   0x08004a80   0x00000110   Code   RO         3658    i.gyro_self_test    inv_mpu.o
    0x08004b90   0x08004b90   0x00000028   Code   RO         3659    i.inv_orientation_matrix_to_scalar  inv_mpu.o
    0x08004bb8   0x08004bb8   0x0000004e   Code   RO         3660    i.inv_row_2_scale   inv_mpu.o
    0x08004c06   0x08004c06   0x00000010   Code   RO          266    i.main              main.o
    0x08004c16   0x08004c16   0x00000002   PAD
    0x08004c18   0x08004c18   0x00000070   Code   RO         3662    i.mpu_configure_fifo  inv_mpu.o
    0x08004c88   0x08004c88   0x0000004c   Code   RO         3663    i.mpu_get_accel_fsr  inv_mpu.o
    0x08004cd4   0x08004cd4   0x00000054   Code   RO         3665    i.mpu_get_accel_sens  inv_mpu.o
    0x08004d28   0x08004d28   0x00000010   Code   RO         3670    i.mpu_get_fifo_config  inv_mpu.o
    0x08004d38   0x08004d38   0x00000044   Code   RO         3671    i.mpu_get_gyro_fsr  inv_mpu.o
    0x08004d7c   0x08004d7c   0x00000050   Code   RO         3673    i.mpu_get_gyro_sens  inv_mpu.o
    0x08004dcc   0x08004dcc   0x00000050   Code   RO         3675    i.mpu_get_lpf       inv_mpu.o
    0x08004e1c   0x08004e1c   0x00000020   Code   RO         3677    i.mpu_get_sample_rate  inv_mpu.o
    0x08004e3c   0x08004e3c   0x000001f0   Code   RO         3679    i.mpu_init          inv_mpu.o
    0x0800502c   0x0800502c   0x000000b8   Code   RO         3680    i.mpu_load_firmware  inv_mpu.o
    0x080050e4   0x080050e4   0x000000e0   Code   RO         3681    i.mpu_lp_accel_mode  inv_mpu.o
    0x080051c4   0x080051c4   0x00000080   Code   RO         3685    i.mpu_read_mem      inv_mpu.o
    0x08005244   0x08005244   0x000001c8   Code   RO         3688    i.mpu_reset_fifo    inv_mpu.o
    0x0800540c   0x0800540c   0x0000011c   Code   RO         3689    i.mpu_run_self_test  inv_mpu.o
    0x08005528   0x08005528   0x00000084   Code   RO         3691    i.mpu_set_accel_fsr  inv_mpu.o
    0x080055ac   0x080055ac   0x0000014c   Code   RO         3692    i.mpu_set_bypass    inv_mpu.o
    0x080056f8   0x080056f8   0x00000090   Code   RO         3694    i.mpu_set_dmp_state  inv_mpu.o
    0x08005788   0x08005788   0x00000088   Code   RO         3695    i.mpu_set_gyro_fsr  inv_mpu.o
    0x08005810   0x08005810   0x0000006c   Code   RO         3696    i.mpu_set_int_latched  inv_mpu.o
    0x0800587c   0x0800587c   0x00000084   Code   RO         3698    i.mpu_set_lpf       inv_mpu.o
    0x08005900   0x08005900   0x0000009c   Code   RO         3699    i.mpu_set_sample_rate  inv_mpu.o
    0x0800599c   0x0800599c   0x000000d0   Code   RO         3700    i.mpu_set_sensors   inv_mpu.o
    0x08005a6c   0x08005a6c   0x00000080   Code   RO         3701    i.mpu_write_mem     inv_mpu.o
    0x08005aec   0x08005aec   0x00000094   Code   RO         3702    i.run_self_test     inv_mpu.o
    0x08005b80   0x08005b80   0x00000090   Code   RO         3703    i.set_int_enable    inv_mpu.o
    0x08005c10   0x08005c10   0x00000024   Code   RO         4626    i.tsui_GetParaMax   tjsc_ui.o
    0x08005c34   0x08005c34   0x00000050   Data   RO         3705    .constdata          inv_mpu.o
    0x08005c84   0x08005c84   0x00000bf6   Data   RO         4007    .constdata          inv_mpu_dmp_motion_driver.o
    0x0800687a   0x0800687a   0x00000818   Data   RO         4329    .constdata          oled.o
    0x08007092   0x08007092   0x00000002   PAD
    0x08007094   0x08007094   0x0000004d   Data   RO         3706    .conststring        inv_mpu.o
    0x080070e1   0x080070e1   0x00000003   PAD
    0x080070e4   0x080070e4   0x00000020   Data   RO         5086    Region$$Table       anon$$obj.o


    Execution Region RW_IRAM1 (Exec base: 0x20000000, Load base: 0x08007104, Size: 0x000016e8, Max: 0x00005000, ABSOLUTE, COMPRESSED[0x00000210])

    Exec Addr    Load Addr    Size         Type   Attr      Idx    E Section Name        Object

    0x20000000   COMPRESSED   0x00000004   Data   RW          225    .data               isr.o
    0x20000004   COMPRESSED   0x00000014   Data   RW          381    .data               system_stm32f10x.o
    0x20000018   COMPRESSED   0x00000004   Data   RW         3391    .data               delay.o
    0x2000001c   COMPRESSED   0x00000005   Data   RW         3430    .data               usart.o
    0x20000021   COMPRESSED   0x00000001   PAD
    0x20000022   COMPRESSED   0x00000004   Data   RW         3473    .data               key.o
    0x20000026   COMPRESSED   0x00000002   PAD
    0x20000028   COMPRESSED   0x00000035   Data   RW         3707    .data               inv_mpu.o
    0x2000005d   COMPRESSED   0x00000003   PAD
    0x20000060   COMPRESSED   0x00000004   Data   RW         4202    .data               encoder.o
    0x20000064   COMPRESSED   0x00000004   Data   RW         4558    .data               tjsc_display.o
    0x20000068   COMPRESSED   0x00000890   Data   RW         4602    .data               setpara.o
    0x200008f8   COMPRESSED   0x00000008   Data   RW         4627    .data               tjsc_ui.o
    0x20000900        -       0x00000010   Zero   RW         4006    .bss                inv_mpu_dmp_motion_driver.o
    0x20000910        -       0x00000800   Zero   RW         4421    .bss                flash.o
    0x20001110        -       0x000000c8   Zero   RW         4456    .bss                data_input.o
    0x200011d8        -       0x0000001c   Zero   RW         4506    .bss                data_output.o
    0x200011f4        -       0x000000f2   Zero   RW         4601    .bss                setpara.o
    0x200012e6   COMPRESSED   0x00000002   PAD
    0x200012e8        -       0x00000400   Zero   RW            1    STACK               startup_stm32f10x_md.o


==============================================================================

Image component sizes


      Code (inc. data)   RO Data    RW Data    ZI Data      Debug   Object Name

       502         14          0          0          0       1578   adc.o
         0          0          0          0        200       5886   data_input.o
         0          0          0          0         28        194   data_output.o
       220         26          0          4          0       1591   delay.o
       228         10          0          4          0       1231   encoder.o
       312         10          0          0       2048       3185   flash.o
       108          0          0          0          0     276355   init.o
      6114        278        157         53          0      27212   inv_mpu.o
      2536        112       3062          0         16      17922   inv_mpu_dmp_motion_driver.o
       404         16          0          4          0       2328   isr.o
       544         28          0          4          0       1549   key.o
        88          8          0          0          0        875   led.o
        16          0          0          0          0        391   main.o
       172         22          0          0          0       1921   misc.o
       600          0          0          0          0       5755   mpu6050.o
       650        100          0          0          0       4414   mpuiic.o
       828         20       2072          0          0       4962   oled.o
       376         26          0          0          0       1464   pwm.o
        20          4          0       2192        242       2451   setpara.o
        36          8        236          0       1024        796   startup_stm32f10x_md.o
       368         10          0          0          0       6555   stm32f10x_adc.o
        84          0          0          0          0       2673   stm32f10x_dma.o
       212         24          0          0          0       2449   stm32f10x_exti.o
       274         30          0          0          0       3222   stm32f10x_flash.o
       712         38          0          0          0       5474   stm32f10x_gpio.o
        26          0          0          0          0       3410   stm32f10x_it.o
       152         30          0          0          0       2654   stm32f10x_rcc.o
       660         72          0          0          0       6862   stm32f10x_tim.o
       102          0          0          0          0       3137   stm32f10x_usart.o
       328         28          0         20          0       1917   system_stm32f10x.o
       104          4          0          0          0        620   timer.o
      1050        236          0          4          0       3828   tjsc_display.o
       812         84          0          8          0       4374   tjsc_ui.o
        68         12          0          5          0       2716   usart.o

    ----------------------------------------------------------------------
     18738       1250       5564       2304       3560     411951   Object Totals
         0          0         32          0          0          0   (incl. Generated)
        32          0          5          6          2          0   (incl. Padding)

    ----------------------------------------------------------------------

      Code (inc. data)   RO Data    RW Data    ZI Data      Debug   Library Member Name

        86          0          0          0          0          0   __dczerorl2.o
         0          0          0          0          0          0   entry.o
         0          0          0          0          0          0   entry10a.o
         0          0          0          0          0          0   entry11a.o
         8          4          0          0          0          0   entry2.o
         4          0          0          0          0          0   entry5.o
         0          0          0          0          0          0   entry7b.o
         0          0          0          0          0          0   entry8b.o
         8          4          0          0          0          0   entry9a.o
        30          0          0          0          0          0   handlers.o
        36          8          0          0          0         68   init.o
         0          0          0          0          0          0   iusefp.o
        98          0          0          0          0         84   ldiv.o
        30          0          0          0          0         68   llshl.o
        36          0          0          0          0         68   llsshr.o
        32          0          0          0          0         68   llushr.o
        26          0          0          0          0         80   memcmp.o
        36          0          0          0          0         68   memcpya.o
        36          0          0          0          0        108   memseta.o
      2284         94          0          0          0        592   printfa.o
        44          0          0          0          0         80   uidiv.o
        98          0          0          0          0         92   uldiv.o
        48          0          0          0          0         68   cdrcmple.o
        20          0          0          0          0         68   cfcmple.o
        20          0          0          0          0         68   cfrcmple.o
       334          0          0          0          0        148   dadd.o
       222          0          0          0          0        100   ddiv.o
       186          0          0          0          0        176   depilogue.o
        48          0          0          0          0         68   dfixul.o
       228          0          0          0          0         96   dmul.o
       176          0          0          0          0        140   fadd.o
       124          0          0          0          0         88   fdiv.o
       110          0          0          0          0        168   fepilogue.o
        50          0          0          0          0         68   ffixi.o
        40          0          0          0          0         68   ffixui.o
        18          0          0          0          0         68   fflti.o
        10          0          0          0          0         68   ffltui.o
       100          0          0          0          0         76   fmul.o

    ----------------------------------------------------------------------
      4630        110          0          0          0       2912   Library Totals
         4          0          0          0          0          0   (incl. Padding)

    ----------------------------------------------------------------------

      Code (inc. data)   RO Data    RW Data    ZI Data      Debug   Library Name

      2892        110          0          0          0       1376   mc_w.l
      1734          0          0          0          0       1536   mf_w.l

    ----------------------------------------------------------------------
      4630        110          0          0          0       2912   Library Totals

    ----------------------------------------------------------------------

==============================================================================


      Code (inc. data)   RO Data    RW Data    ZI Data      Debug   

     23368       1360       5564       2304       3560     404487   Grand Totals
     23368       1360       5564        528       3560     404487   ELF Image Totals (compressed)
     23368       1360       5564        528          0          0   ROM Totals

==============================================================================

    Total RO  Size (Code + RO Data)                28932 (  28.25kB)
    Total RW  Size (RW Data + ZI Data)              5864 (   5.73kB)
    Total ROM Size (Code + RO Data + RW Data)      29460 (  28.77kB)

==============================================================================

