<html>
<body>
<pre>
<h1>礦ision Build Log</h1>
<h2>Tool Versions:</h2>
IDE-Version: μVision V5.25.3.0
Copyright (C) 2018 ARM Ltd and ARM Germany GmbH. All rights reserved.
License Information: 1 23, 4, LIC=2TT9U-SGZVB-03SM2-980RP-DGA93-QA7MS
 
Tool Versions:
Toolchain:       MDK-ARM Professional  Version: 5.18
Toolchain Path:  D:\Keil\ARM\ARMCC\Bin
C Compiler:      Armcc.exe V5.06 update 1 (build 61)
Assembler:       Armasm.exe V5.06 update 1 (build 61)
Linker/Locator:  ArmLink.exe V5.06 update 1 (build 61)
Library Manager: ArmAr.exe V5.06 update 1 (build 61)
Hex Converter:   FromElf.exe V5.06 update 1 (build 61)
CPU DLL:         SARMCM3.DLL V5.18
Dialog DLL:      DARMSTM.DLL V1.65.0.0
Target DLL:      Segger\JL2CM3.dll V2.99.18.0
Dialog DLL:      TARMSTM.DLL V1.64.0.0
 
<h2>Project:</h2>
C:\Users\langj\Desktop\18th\USER\main.uvprojx
Project File Date:  10/19/2022

<h2>Output:</h2>
*** Using Compiler 'V5.06 update 1 (build 61)', folder: 'D:\Keil\ARM\ARMCC\Bin'
Rebuild target 'Target 1'
assembling startup_stm32f10x_md.s...
compiling init.c...
init.c(48): warning:  #177-D: variable "speed" was declared but never referenced
  	int speed = 0,raw_speed=0;
init.c: 1 warning, 0 errors
compiling isr.c...
compiling system_stm32f10x.c...
compiling stm32f10x_it.c...
compiling core_cm3.c...
compiling main.c...
compiling misc.c...
compiling stm32f10x_adc.c...
compiling stm32f10x_bkp.c...
compiling stm32f10x_can.c...
compiling stm32f10x_cec.c...
compiling stm32f10x_crc.c...
compiling stm32f10x_dac.c...
compiling stm32f10x_dbgmcu.c...
compiling stm32f10x_dma.c...
compiling stm32f10x_exti.c...
compiling stm32f10x_flash.c...
compiling stm32f10x_fsmc.c...
compiling stm32f10x_gpio.c...
compiling stm32f10x_i2c.c...
compiling stm32f10x_iwdg.c...
compiling stm32f10x_pwr.c...
compiling stm32f10x_rcc.c...
compiling stm32f10x_rtc.c...
compiling stm32f10x_sdio.c...
compiling stm32f10x_spi.c...
compiling stm32f10x_tim.c...
compiling stm32f10x_usart.c...
compiling stm32f10x_wwdg.c...
compiling delay.c...
compiling sys.c...
compiling usart.c...
compiling timer.c...
compiling key.c...
..\WS\KEY\key.c(35): warning:  #940-D: missing return statement at end of non-void function "Key_Scan"
  }
..\WS\KEY\key.c: 1 warning, 0 errors
compiling led.c...
compiling mpu6050.c...
compiling mpuiic.c...
..\WS\MPU6050\mpuiic.c(48): warning:  #61-D: integer operation result is out of range
  	
PU_SDA_IN();      //SDA????为????  
..\WS\MPU6050\mpuiic.c(48): warning:  #68-D: integer conversion resulted in a change of sign
  	
PU_SDA_IN();      //SDA????为????  
..\WS\MPU6050\mpuiic.c(108): warning:  #61-D: integer operation result is out of range
  	
PU_SDA_IN();//SDA????为????
..\WS\MPU6050\mpuiic.c(108): warning:  #68-D: integer conversion resulted in a change of sign
  	
PU_SDA_IN();//SDA????为????
..\WS\MPU6050\mpuiic.c: 4 warnings, 0 errors
compiling inv_mpu.c...
compiling motor.c...
compiling encoder.c...
compiling inv_mpu_dmp_motion_driver.c...
compiling pwm.c...
compiling adc.c...
compiling oled.c...
compiling flash.c...
compiling data_input.c...
..\Data\data_input.c(265): warning:  #1-D: last line of file ends without a newline
  //}
..\Data\data_input.c: 1 warning, 0 errors
compiling data_output.c...
compiling data_process.c...
..\Data\data_process.c(84): warning:  #177-D: variable "error" was declared but never referenced
    static int error,pwmout,derror;
..\Data\data_process.c(84): warning:  #177-D: variable "derror" was declared but never referenced
    static int error,pwmout,derror;
..\Data\data_process.c: 2 warnings, 0 errors
compiling TJSC_Display.c...
compiling setpara.c...
compiling TJSC_UI.c...
linking...
Program Size: Code=23368 RO-data=5564 RW-data=2304 ZI-data=3560  
FromELF: creating hex file...
"..\OBJ\main.axf" - 0 Error(s), 9 Warning(s).

<h2>Software Packages used:</h2>

Package Vendor: Keil
                http://www.keil.com/pack/Keil.STM32F1xx_DFP.2.1.0.pack
                Keil.STM32F1xx_DFP.2.1.0
                STMicroelectronics STM32F1 Series Device Support, Drivers and Examples

<h2>Collection of Component include folders:</h2>
  .\RTE\_Target_1
  D:\Keil\ARM\PACK\Keil\STM32F1xx_DFP\2.1.0\Device\Include

<h2>Collection of Component Files used:</h2>
Build Time Elapsed:  00:00:14
</pre>
</body>
</html>
